<!doctype html public "-//w3c//dtd html 4.0 transitional//en">
<html><head>
<title>Static Call Graph - [.\Objects\StartProject.axf]</title></head>
<body><HR>
<H1>Static Call Graph for image .\Objects\StartProject.axf</H1><HR>
<BR><P>#&#060CALLGRAPH&#062# ARM Linker, 5060750: Last Updated: Tue Apr 02 15:05:01 2019
<BR><P>
<H3>Maximum Stack Usage =          8 bytes + Unknown(Functions without stacksize, Cycles, Untraceable Function Pointers)</H3><H3>
Call chain for Maximum Stack Depth:</H3>
__rt_entry_sh &rArr; __user_setup_stackheap
<P>
<H3>
Functions with no stack information
</H3><UL>
 <LI><a href="#[9f]">__user_initial_stackheap</a>
</UL>
</UL>
<P>
<H3>
Mutually Recursive functions
</H3> <LI><a href="#[3]">NMI_Handler</a>&nbsp;&nbsp;&nbsp;&rArr;&nbsp;&nbsp;&nbsp;<a href="#[3]">NMI_Handler</a><BR>
 <LI><a href="#[4]">HardFault_Handler</a>&nbsp;&nbsp;&nbsp;&rArr;&nbsp;&nbsp;&nbsp;<a href="#[4]">HardFault_Handler</a><BR>
 <LI><a href="#[5]">MemManage_Handler</a>&nbsp;&nbsp;&nbsp;&rArr;&nbsp;&nbsp;&nbsp;<a href="#[5]">MemManage_Handler</a><BR>
 <LI><a href="#[6]">BusFault_Handler</a>&nbsp;&nbsp;&nbsp;&rArr;&nbsp;&nbsp;&nbsp;<a href="#[6]">BusFault_Handler</a><BR>
 <LI><a href="#[7]">UsageFault_Handler</a>&nbsp;&nbsp;&nbsp;&rArr;&nbsp;&nbsp;&nbsp;<a href="#[7]">UsageFault_Handler</a><BR>
 <LI><a href="#[8]">SVC_Handler</a>&nbsp;&nbsp;&nbsp;&rArr;&nbsp;&nbsp;&nbsp;<a href="#[8]">SVC_Handler</a><BR>
 <LI><a href="#[9]">DebugMon_Handler</a>&nbsp;&nbsp;&nbsp;&rArr;&nbsp;&nbsp;&nbsp;<a href="#[9]">DebugMon_Handler</a><BR>
 <LI><a href="#[a]">PendSV_Handler</a>&nbsp;&nbsp;&nbsp;&rArr;&nbsp;&nbsp;&nbsp;<a href="#[a]">PendSV_Handler</a><BR>
 <LI><a href="#[b]">SysTick_Handler</a>&nbsp;&nbsp;&nbsp;&rArr;&nbsp;&nbsp;&nbsp;<a href="#[b]">SysTick_Handler</a><BR>
 <LI><a href="#[58]">ADC0_IRQHandler</a>&nbsp;&nbsp;&nbsp;&rArr;&nbsp;&nbsp;&nbsp;<a href="#[58]">ADC0_IRQHandler</a><BR>
</UL>
<P>
<H3>
Function Pointers
</H3><UL>
 <LI><a href="#[58]">ADC0_IRQHandler</a> from startup_s6e2cc.o(.text) referenced from startup_s6e2cc.o(RESET)
 <LI><a href="#[59]">ADC1_IRQHandler</a> from startup_s6e2cc.o(.text) referenced from startup_s6e2cc.o(RESET)
 <LI><a href="#[7b]">ADC2_IRQHandler</a> from startup_s6e2cc.o(.text) referenced from startup_s6e2cc.o(RESET)
 <LI><a href="#[33]">BT0_IRQHandler</a> from startup_s6e2cc.o(.text) referenced from startup_s6e2cc.o(RESET)
 <LI><a href="#[70]">BT10_IRQHandler</a> from startup_s6e2cc.o(.text) referenced from startup_s6e2cc.o(RESET)
 <LI><a href="#[71]">BT11_IRQHandler</a> from startup_s6e2cc.o(.text) referenced from startup_s6e2cc.o(RESET)
 <LI><a href="#[72]">BT12_15_IRQHandler</a> from startup_s6e2cc.o(.text) referenced from startup_s6e2cc.o(RESET)
 <LI><a href="#[34]">BT1_IRQHandler</a> from startup_s6e2cc.o(.text) referenced from startup_s6e2cc.o(RESET)
 <LI><a href="#[35]">BT2_IRQHandler</a> from startup_s6e2cc.o(.text) referenced from startup_s6e2cc.o(RESET)
 <LI><a href="#[36]">BT3_IRQHandler</a> from startup_s6e2cc.o(.text) referenced from startup_s6e2cc.o(RESET)
 <LI><a href="#[37]">BT4_IRQHandler</a> from startup_s6e2cc.o(.text) referenced from startup_s6e2cc.o(RESET)
 <LI><a href="#[38]">BT5_IRQHandler</a> from startup_s6e2cc.o(.text) referenced from startup_s6e2cc.o(RESET)
 <LI><a href="#[39]">BT6_IRQHandler</a> from startup_s6e2cc.o(.text) referenced from startup_s6e2cc.o(RESET)
 <LI><a href="#[3a]">BT7_IRQHandler</a> from startup_s6e2cc.o(.text) referenced from startup_s6e2cc.o(RESET)
 <LI><a href="#[6e]">BT8_IRQHandler</a> from startup_s6e2cc.o(.text) referenced from startup_s6e2cc.o(RESET)
 <LI><a href="#[6f]">BT9_IRQHandler</a> from startup_s6e2cc.o(.text) referenced from startup_s6e2cc.o(RESET)
 <LI><a href="#[6]">BusFault_Handler</a> from startup_s6e2cc.o(.text) referenced from startup_s6e2cc.o(RESET)
 <LI><a href="#[5c]">CAN0_IRQHandler</a> from startup_s6e2cc.o(.text) referenced from startup_s6e2cc.o(RESET)
 <LI><a href="#[5d]">CAN1_CANFD_IRQHandler</a> from startup_s6e2cc.o(.text) referenced from startup_s6e2cc.o(RESET)
 <LI><a href="#[c]">CSV_IRQHandler</a> from startup_s6e2cc.o(.text) referenced from startup_s6e2cc.o(RESET)
 <LI><a href="#[5f]">DMAC0_IRQHandler</a> from startup_s6e2cc.o(.text) referenced from startup_s6e2cc.o(RESET)
 <LI><a href="#[60]">DMAC1_IRQHandler</a> from startup_s6e2cc.o(.text) referenced from startup_s6e2cc.o(RESET)
 <LI><a href="#[61]">DMAC2_IRQHandler</a> from startup_s6e2cc.o(.text) referenced from startup_s6e2cc.o(RESET)
 <LI><a href="#[62]">DMAC3_IRQHandler</a> from startup_s6e2cc.o(.text) referenced from startup_s6e2cc.o(RESET)
 <LI><a href="#[63]">DMAC4_IRQHandler</a> from startup_s6e2cc.o(.text) referenced from startup_s6e2cc.o(RESET)
 <LI><a href="#[64]">DMAC5_IRQHandler</a> from startup_s6e2cc.o(.text) referenced from startup_s6e2cc.o(RESET)
 <LI><a href="#[65]">DMAC6_IRQHandler</a> from startup_s6e2cc.o(.text) referenced from startup_s6e2cc.o(RESET)
 <LI><a href="#[66]">DMAC7_IRQHandler</a> from startup_s6e2cc.o(.text) referenced from startup_s6e2cc.o(RESET)
 <LI><a href="#[67]">DSTC_IRQHandler</a> from startup_s6e2cc.o(.text) referenced from startup_s6e2cc.o(RESET)
 <LI><a href="#[3b]">DT1_2_IRAHandler</a> from startup_s6e2cc.o(.text) referenced from startup_s6e2cc.o(RESET)
 <LI><a href="#[9]">DebugMon_Handler</a> from startup_s6e2cc.o(.text) referenced from startup_s6e2cc.o(RESET)
 <LI><a href="#[7c]">Dummy</a> from startup_s6e2cc.o(.text) referenced 2 times from startup_s6e2cc.o(RESET)
 <LI><a href="#[5e]">ETHER0_IRQHandler</a> from startup_s6e2cc.o(.text) referenced from startup_s6e2cc.o(RESET)
 <LI><a href="#[17]">EXINT0_IRQHandler</a> from startup_s6e2cc.o(.text) referenced from startup_s6e2cc.o(RESET)
 <LI><a href="#[68]">EXINT16_17_18_19_IRQHandler</a> from startup_s6e2cc.o(.text) referenced from startup_s6e2cc.o(RESET)
 <LI><a href="#[18]">EXINT1_IRQHandler</a> from startup_s6e2cc.o(.text) referenced from startup_s6e2cc.o(RESET)
 <LI><a href="#[69]">EXINT20_21_22_23_IRQHandler</a> from startup_s6e2cc.o(.text) referenced from startup_s6e2cc.o(RESET)
 <LI><a href="#[6a]">EXINT24_25_26_27_IRQHandler</a> from startup_s6e2cc.o(.text) referenced from startup_s6e2cc.o(RESET)
 <LI><a href="#[6b]">EXINT28_29_30_31_IRQHandler</a> from startup_s6e2cc.o(.text) referenced from startup_s6e2cc.o(RESET)
 <LI><a href="#[19]">EXINT2_IRQHandler</a> from startup_s6e2cc.o(.text) referenced from startup_s6e2cc.o(RESET)
 <LI><a href="#[1a]">EXINT3_IRQHandler</a> from startup_s6e2cc.o(.text) referenced from startup_s6e2cc.o(RESET)
 <LI><a href="#[1b]">EXINT4_IRQHandler</a> from startup_s6e2cc.o(.text) referenced from startup_s6e2cc.o(RESET)
 <LI><a href="#[1c]">EXINT5_IRQHandler</a> from startup_s6e2cc.o(.text) referenced from startup_s6e2cc.o(RESET)
 <LI><a href="#[1d]">EXINT6_IRQHandler</a> from startup_s6e2cc.o(.text) referenced from startup_s6e2cc.o(RESET)
 <LI><a href="#[1e]">EXINT7_IRQHandler</a> from startup_s6e2cc.o(.text) referenced from startup_s6e2cc.o(RESET)
 <LI><a href="#[3d]">EXTBUS_ERR_Handler</a> from startup_s6e2cc.o(.text) referenced from startup_s6e2cc.o(RESET)
 <LI><a href="#[41]">EXTINT10_IRQHandler</a> from startup_s6e2cc.o(.text) referenced from startup_s6e2cc.o(RESET)
 <LI><a href="#[42]">EXTINT11_IRQHandler</a> from startup_s6e2cc.o(.text) referenced from startup_s6e2cc.o(RESET)
 <LI><a href="#[43]">EXTINT12_IRQHandler</a> from startup_s6e2cc.o(.text) referenced from startup_s6e2cc.o(RESET)
 <LI><a href="#[44]">EXTINT13_IRQHandler</a> from startup_s6e2cc.o(.text) referenced from startup_s6e2cc.o(RESET)
 <LI><a href="#[45]">EXTINT14_IRQHandler</a> from startup_s6e2cc.o(.text) referenced from startup_s6e2cc.o(RESET)
 <LI><a href="#[46]">EXTINT15_IRQHandler</a> from startup_s6e2cc.o(.text) referenced from startup_s6e2cc.o(RESET)
 <LI><a href="#[3f]">EXTINT8_IRQHandler</a> from startup_s6e2cc.o(.text) referenced from startup_s6e2cc.o(RESET)
 <LI><a href="#[40]">EXTINT9_IRQHandler</a> from startup_s6e2cc.o(.text) referenced from startup_s6e2cc.o(RESET)
 <LI><a href="#[82]">FLASHIF_IRQHandler</a> from startup_s6e2cc.o(.text) referenced from startup_s6e2cc.o(RESET)
 <LI><a href="#[24]">FRT0_PEAK_IRQHandler</a> from startup_s6e2cc.o(.text) referenced from startup_s6e2cc.o(RESET)
 <LI><a href="#[25]">FRT0_ZERO_IRQHandler</a> from startup_s6e2cc.o(.text) referenced from startup_s6e2cc.o(RESET)
 <LI><a href="#[28]">FRT1_PEAK_IRQHandler</a> from startup_s6e2cc.o(.text) referenced from startup_s6e2cc.o(RESET)
 <LI><a href="#[29]">FRT1_ZERO_IRQHandler</a> from startup_s6e2cc.o(.text) referenced from startup_s6e2cc.o(RESET)
 <LI><a href="#[2c]">FRT2_PEAK_IRQHandler</a> from startup_s6e2cc.o(.text) referenced from startup_s6e2cc.o(RESET)
 <LI><a href="#[2d]">FRT2_ZERO_IRQHandler</a> from startup_s6e2cc.o(.text) referenced from startup_s6e2cc.o(RESET)
 <LI><a href="#[7f]">HSSPI_IRQHandler</a> from startup_s6e2cc.o(.text) referenced from startup_s6e2cc.o(RESET)
 <LI><a href="#[4]">HardFault_Handler</a> from startup_s6e2cc.o(.text) referenced from startup_s6e2cc.o(RESET)
 <LI><a href="#[26]">ICU0_IRQHandler</a> from startup_s6e2cc.o(.text) referenced from startup_s6e2cc.o(RESET)
 <LI><a href="#[2a]">ICU1_IRQHandler</a> from startup_s6e2cc.o(.text) referenced from startup_s6e2cc.o(RESET)
 <LI><a href="#[2e]">ICU2_IRQHandler</a> from startup_s6e2cc.o(.text) referenced from startup_s6e2cc.o(RESET)
 <LI><a href="#[f]">IRQ003SEL_IRQHandler</a> from startup_s6e2cc.o(.text) referenced from startup_s6e2cc.o(RESET)
 <LI><a href="#[10]">IRQ004SEL_IRQHandler</a> from startup_s6e2cc.o(.text) referenced from startup_s6e2cc.o(RESET)
 <LI><a href="#[11]">IRQ005SEL_IRQHandler</a> from startup_s6e2cc.o(.text) referenced from startup_s6e2cc.o(RESET)
 <LI><a href="#[12]">IRQ006SEL_IRQHandler</a> from startup_s6e2cc.o(.text) referenced from startup_s6e2cc.o(RESET)
 <LI><a href="#[13]">IRQ007SEL_IRQHandler</a> from startup_s6e2cc.o(.text) referenced from startup_s6e2cc.o(RESET)
 <LI><a href="#[14]">IRQ008SEL_IRQHandler</a> from startup_s6e2cc.o(.text) referenced from startup_s6e2cc.o(RESET)
 <LI><a href="#[15]">IRQ009SEL_IRQHandler</a> from startup_s6e2cc.o(.text) referenced from startup_s6e2cc.o(RESET)
 <LI><a href="#[16]">IRQ010SEL_IRQHandler</a> from startup_s6e2cc.o(.text) referenced from startup_s6e2cc.o(RESET)
 <LI><a href="#[e]">LVD_IRQHandler</a> from startup_s6e2cc.o(.text) referenced from startup_s6e2cc.o(RESET)
 <LI><a href="#[48]">MFS0_RX_IRQHandler</a> from startup_s6e2cc.o(.text) referenced from startup_s6e2cc.o(RESET)
 <LI><a href="#[49]">MFS0_TX_IRQHandler</a> from startup_s6e2cc.o(.text) referenced from startup_s6e2cc.o(RESET)
 <LI><a href="#[77]">MFS10_RX_IRQHandler</a> from startup_s6e2cc.o(.text) referenced from startup_s6e2cc.o(RESET)
 <LI><a href="#[78]">MFS10_TX_IRQHandler</a> from startup_s6e2cc.o(.text) referenced from startup_s6e2cc.o(RESET)
 <LI><a href="#[79]">MFS11_RX_IRQHandler</a> from startup_s6e2cc.o(.text) referenced from startup_s6e2cc.o(RESET)
 <LI><a href="#[7a]">MFS11_TX_IRQHandler</a> from startup_s6e2cc.o(.text) referenced from startup_s6e2cc.o(RESET)
 <LI><a href="#[83]">MFS12_RX_IRQHandler</a> from startup_s6e2cc.o(.text) referenced from startup_s6e2cc.o(RESET)
 <LI><a href="#[84]">MFS12_TX_IRQHandler</a> from startup_s6e2cc.o(.text) referenced from startup_s6e2cc.o(RESET)
 <LI><a href="#[85]">MFS13_RX_IRQHandler</a> from startup_s6e2cc.o(.text) referenced from startup_s6e2cc.o(RESET)
 <LI><a href="#[86]">MFS13_TX_IRQHandler</a> from startup_s6e2cc.o(.text) referenced from startup_s6e2cc.o(RESET)
 <LI><a href="#[87]">MFS14_RX_IRQHandler</a> from startup_s6e2cc.o(.text) referenced from startup_s6e2cc.o(RESET)
 <LI><a href="#[88]">MFS14_TX_IRQHandler</a> from startup_s6e2cc.o(.text) referenced from startup_s6e2cc.o(RESET)
 <LI><a href="#[89]">MFS15_RX_IRQHandler</a> from startup_s6e2cc.o(.text) referenced from startup_s6e2cc.o(RESET)
 <LI><a href="#[8a]">MFS15_TX_IRQHandler</a> from startup_s6e2cc.o(.text) referenced from startup_s6e2cc.o(RESET)
 <LI><a href="#[4a]">MFS1_RX_IRQHandler</a> from startup_s6e2cc.o(.text) referenced from startup_s6e2cc.o(RESET)
 <LI><a href="#[4b]">MFS1_TX_IRQHandler</a> from startup_s6e2cc.o(.text) referenced from startup_s6e2cc.o(RESET)
 <LI><a href="#[4c]">MFS2_RX_IRQHandler</a> from startup_s6e2cc.o(.text) referenced from startup_s6e2cc.o(RESET)
 <LI><a href="#[4d]">MFS2_TX_IRQHandler</a> from startup_s6e2cc.o(.text) referenced from startup_s6e2cc.o(RESET)
 <LI><a href="#[4e]">MFS3_RX_IRQHandler</a> from startup_s6e2cc.o(.text) referenced from startup_s6e2cc.o(RESET)
 <LI><a href="#[4f]">MFS3_TX_IRQHandler</a> from startup_s6e2cc.o(.text) referenced from startup_s6e2cc.o(RESET)
 <LI><a href="#[50]">MFS4_RX_IRQHandler</a> from startup_s6e2cc.o(.text) referenced from startup_s6e2cc.o(RESET)
 <LI><a href="#[51]">MFS4_TX_IRQHandler</a> from startup_s6e2cc.o(.text) referenced from startup_s6e2cc.o(RESET)
 <LI><a href="#[52]">MFS5_RX_IRQHandler</a> from startup_s6e2cc.o(.text) referenced from startup_s6e2cc.o(RESET)
 <LI><a href="#[53]">MFS5_TX_IRQHandler</a> from startup_s6e2cc.o(.text) referenced from startup_s6e2cc.o(RESET)
 <LI><a href="#[54]">MFS6_RX_IRQHandler</a> from startup_s6e2cc.o(.text) referenced from startup_s6e2cc.o(RESET)
 <LI><a href="#[55]">MFS6_TX_IRQHandler</a> from startup_s6e2cc.o(.text) referenced from startup_s6e2cc.o(RESET)
 <LI><a href="#[56]">MFS7_RX_IRQHandler</a> from startup_s6e2cc.o(.text) referenced from startup_s6e2cc.o(RESET)
 <LI><a href="#[57]">MFS7_TX_IRQHandler</a> from startup_s6e2cc.o(.text) referenced from startup_s6e2cc.o(RESET)
 <LI><a href="#[73]">MFS8_RX_IRQHandler</a> from startup_s6e2cc.o(.text) referenced from startup_s6e2cc.o(RESET)
 <LI><a href="#[74]">MFS8_TX_IRQHandler</a> from startup_s6e2cc.o(.text) referenced from startup_s6e2cc.o(RESET)
 <LI><a href="#[75]">MFS9_RX_IRQHandler</a> from startup_s6e2cc.o(.text) referenced from startup_s6e2cc.o(RESET)
 <LI><a href="#[76]">MFS9_TX_IRQHandler</a> from startup_s6e2cc.o(.text) referenced from startup_s6e2cc.o(RESET)
 <LI><a href="#[5]">MemManage_Handler</a> from startup_s6e2cc.o(.text) referenced from startup_s6e2cc.o(RESET)
 <LI><a href="#[3]">NMI_Handler</a> from startup_s6e2cc.o(.text) referenced from startup_s6e2cc.o(RESET)
 <LI><a href="#[27]">OCU0_IRQHandler</a> from startup_s6e2cc.o(.text) referenced from startup_s6e2cc.o(RESET)
 <LI><a href="#[2b]">OCU1_IRQHandler</a> from startup_s6e2cc.o(.text) referenced from startup_s6e2cc.o(RESET)
 <LI><a href="#[2f]">OCU2_IRQHandler</a> from startup_s6e2cc.o(.text) referenced from startup_s6e2cc.o(RESET)
 <LI><a href="#[30]">PPG00_02_04_IRQHandler</a> from startup_s6e2cc.o(.text) referenced from startup_s6e2cc.o(RESET)
 <LI><a href="#[31]">PPG08_10_12_IRQHandler</a> from startup_s6e2cc.o(.text) referenced from startup_s6e2cc.o(RESET)
 <LI><a href="#[32]">PPG16_18_20_IRQHandler</a> from startup_s6e2cc.o(.text) referenced from startup_s6e2cc.o(RESET)
 <LI><a href="#[80]">PRGCRC_I2S_IRQHandler</a> from startup_s6e2cc.o(.text) referenced from startup_s6e2cc.o(RESET)
 <LI><a href="#[a]">PendSV_Handler</a> from startup_s6e2cc.o(.text) referenced from startup_s6e2cc.o(RESET)
 <LI><a href="#[1f]">QPRC0_IRQHandler</a> from startup_s6e2cc.o(.text) referenced from startup_s6e2cc.o(RESET)
 <LI><a href="#[20]">QPRC1_IRQHandler</a> from startup_s6e2cc.o(.text) referenced from startup_s6e2cc.o(RESET)
 <LI><a href="#[6c]">QPRC2_IRQHandler</a> from startup_s6e2cc.o(.text) referenced from startup_s6e2cc.o(RESET)
 <LI><a href="#[6d]">QPRC3_IRQHandler</a> from startup_s6e2cc.o(.text) referenced from startup_s6e2cc.o(RESET)
 <LI><a href="#[3e]">RTC_IRQHandler</a> from startup_s6e2cc.o(.text) referenced from startup_s6e2cc.o(RESET)
 <LI><a href="#[2]">Reset_Handler</a> from startup_s6e2cc.o(.text) referenced from startup_s6e2cc.o(RESET)
 <LI><a href="#[81]">SD_IRQHandler</a> from startup_s6e2cc.o(.text) referenced from startup_s6e2cc.o(RESET)
 <LI><a href="#[8]">SVC_Handler</a> from startup_s6e2cc.o(.text) referenced from startup_s6e2cc.o(RESET)
 <LI><a href="#[d]">SWDT_IRQHandler</a> from startup_s6e2cc.o(.text) referenced from startup_s6e2cc.o(RESET)
 <LI><a href="#[b]">SysTick_Handler</a> from startup_s6e2cc.o(.text) referenced from startup_s6e2cc.o(RESET)
 <LI><a href="#[8b]">SystemInit</a> from system_s6e2cc.o(i.SystemInit) referenced from startup_s6e2cc.o(.text)
 <LI><a href="#[47]">TIM_IRQHandler</a> from startup_s6e2cc.o(.text) referenced from startup_s6e2cc.o(RESET)
 <LI><a href="#[5b]">USB0_HOST_IRQHandler</a> from startup_s6e2cc.o(.text) referenced from startup_s6e2cc.o(RESET)
 <LI><a href="#[5a]">USB0_IRQHandler</a> from startup_s6e2cc.o(.text) referenced from startup_s6e2cc.o(RESET)
 <LI><a href="#[7d]">USB1_HDMICEC0_IRQHandler</a> from startup_s6e2cc.o(.text) referenced from startup_s6e2cc.o(RESET)
 <LI><a href="#[7e]">USB1_HOST_HDMICEC1_IRQHandler</a> from startup_s6e2cc.o(.text) referenced from startup_s6e2cc.o(RESET)
 <LI><a href="#[7]">UsageFault_Handler</a> from startup_s6e2cc.o(.text) referenced from startup_s6e2cc.o(RESET)
 <LI><a href="#[3c]">WC_IRQHandler</a> from startup_s6e2cc.o(.text) referenced from startup_s6e2cc.o(RESET)
 <LI><a href="#[21]">WFG0_DTIF0_IRQHandler</a> from startup_s6e2cc.o(.text) referenced from startup_s6e2cc.o(RESET)
 <LI><a href="#[22]">WFG1_DTIF1_IRQHandler</a> from startup_s6e2cc.o(.text) referenced from startup_s6e2cc.o(RESET)
 <LI><a href="#[23]">WFG2_DTIF2_IRQHandler</a> from startup_s6e2cc.o(.text) referenced from startup_s6e2cc.o(RESET)
 <LI><a href="#[8d]">__main</a> from __main.o(!!!main) referenced from startup_s6e2cc.o(.text)
</UL>
<P>
<H3>
Global Symbols
</H3>
<P><STRONG><a name="[8d]"></a>__main</STRONG> (Thumb, 8 bytes, Stack size 0 bytes, __main.o(!!!main))
<BR><BR>[Calls]<UL><LI><a href="#[8e]">&gt;&gt;</a>&nbsp;&nbsp;&nbsp;__scatterload
<LI><a href="#[8f]">&gt;&gt;</a>&nbsp;&nbsp;&nbsp;__rt_entry
</UL>

<P><STRONG><a name="[8e]"></a>__scatterload</STRONG> (Thumb, 0 bytes, Stack size unknown bytes, __scatter.o(!!!scatter))
<BR><BR>[Called By]<UL><LI><a href="#[8d]">&gt;&gt;</a>&nbsp;&nbsp;&nbsp;__main
</UL>

<P><STRONG><a name="[90]"></a>__scatterload_rt2</STRONG> (Thumb, 44 bytes, Stack size unknown bytes, __scatter.o(!!!scatter), UNUSED)
<BR><BR>[Calls]<UL><LI><a href="#[8f]">&gt;&gt;</a>&nbsp;&nbsp;&nbsp;__rt_entry
</UL>

<P><STRONG><a name="[a1]"></a>__scatterload_rt2_thumb_only</STRONG> (Thumb, 0 bytes, Stack size unknown bytes, __scatter.o(!!!scatter), UNUSED)

<P><STRONG><a name="[a2]"></a>__scatterload_null</STRONG> (Thumb, 0 bytes, Stack size unknown bytes, __scatter.o(!!!scatter), UNUSED)

<P><STRONG><a name="[a3]"></a>__scatterload_zeroinit</STRONG> (Thumb, 28 bytes, Stack size unknown bytes, __scatter_zi.o(!!handler_zi), UNUSED)

<P><STRONG><a name="[96]"></a>__rt_lib_init</STRONG> (Thumb, 0 bytes, Stack size unknown bytes, libinit.o(.ARM.Collect$$libinit$$00000000))
<BR><BR>[Called By]<UL><LI><a href="#[95]">&gt;&gt;</a>&nbsp;&nbsp;&nbsp;__rt_entry_li
</UL>

<P><STRONG><a name="[91]"></a>__rt_lib_init_fp_1</STRONG> (Thumb, 0 bytes, Stack size unknown bytes, libinit2.o(.ARM.Collect$$libinit$$00000001))
<BR><BR>[Calls]<UL><LI><a href="#[92]">&gt;&gt;</a>&nbsp;&nbsp;&nbsp;_fp_init
</UL>

<P><STRONG><a name="[a4]"></a>__rt_lib_init_alloca_1</STRONG> (Thumb, 0 bytes, Stack size unknown bytes, libinit2.o(.ARM.Collect$$libinit$$0000002E))

<P><STRONG><a name="[a5]"></a>__rt_lib_init_argv_1</STRONG> (Thumb, 0 bytes, Stack size unknown bytes, libinit2.o(.ARM.Collect$$libinit$$0000002C))

<P><STRONG><a name="[a6]"></a>__rt_lib_init_atexit_1</STRONG> (Thumb, 0 bytes, Stack size unknown bytes, libinit2.o(.ARM.Collect$$libinit$$0000001B))

<P><STRONG><a name="[a7]"></a>__rt_lib_init_clock_1</STRONG> (Thumb, 0 bytes, Stack size unknown bytes, libinit2.o(.ARM.Collect$$libinit$$00000021))

<P><STRONG><a name="[a8]"></a>__rt_lib_init_cpp_1</STRONG> (Thumb, 0 bytes, Stack size unknown bytes, libinit2.o(.ARM.Collect$$libinit$$00000032))

<P><STRONG><a name="[a9]"></a>__rt_lib_init_exceptions_1</STRONG> (Thumb, 0 bytes, Stack size unknown bytes, libinit2.o(.ARM.Collect$$libinit$$00000030))

<P><STRONG><a name="[aa]"></a>__rt_lib_init_fp_trap_1</STRONG> (Thumb, 0 bytes, Stack size unknown bytes, libinit2.o(.ARM.Collect$$libinit$$0000001F))

<P><STRONG><a name="[ab]"></a>__rt_lib_init_getenv_1</STRONG> (Thumb, 0 bytes, Stack size unknown bytes, libinit2.o(.ARM.Collect$$libinit$$00000023))

<P><STRONG><a name="[ac]"></a>__rt_lib_init_heap_1</STRONG> (Thumb, 0 bytes, Stack size unknown bytes, libinit2.o(.ARM.Collect$$libinit$$0000000A))

<P><STRONG><a name="[ad]"></a>__rt_lib_init_lc_collate_1</STRONG> (Thumb, 0 bytes, Stack size unknown bytes, libinit2.o(.ARM.Collect$$libinit$$00000011))

<P><STRONG><a name="[ae]"></a>__rt_lib_init_lc_ctype_1</STRONG> (Thumb, 0 bytes, Stack size unknown bytes, libinit2.o(.ARM.Collect$$libinit$$00000013))

<P><STRONG><a name="[af]"></a>__rt_lib_init_lc_monetary_1</STRONG> (Thumb, 0 bytes, Stack size unknown bytes, libinit2.o(.ARM.Collect$$libinit$$00000015))

<P><STRONG><a name="[b0]"></a>__rt_lib_init_lc_numeric_1</STRONG> (Thumb, 0 bytes, Stack size unknown bytes, libinit2.o(.ARM.Collect$$libinit$$00000017))

<P><STRONG><a name="[b1]"></a>__rt_lib_init_lc_time_1</STRONG> (Thumb, 0 bytes, Stack size unknown bytes, libinit2.o(.ARM.Collect$$libinit$$00000019))

<P><STRONG><a name="[b2]"></a>__rt_lib_init_preinit_1</STRONG> (Thumb, 0 bytes, Stack size unknown bytes, libinit2.o(.ARM.Collect$$libinit$$00000004))

<P><STRONG><a name="[b3]"></a>__rt_lib_init_rand_1</STRONG> (Thumb, 0 bytes, Stack size unknown bytes, libinit2.o(.ARM.Collect$$libinit$$0000000E))

<P><STRONG><a name="[b4]"></a>__rt_lib_init_return</STRONG> (Thumb, 0 bytes, Stack size unknown bytes, libinit2.o(.ARM.Collect$$libinit$$00000033))

<P><STRONG><a name="[b5]"></a>__rt_lib_init_signal_1</STRONG> (Thumb, 0 bytes, Stack size unknown bytes, libinit2.o(.ARM.Collect$$libinit$$0000001D))

<P><STRONG><a name="[b6]"></a>__rt_lib_init_stdio_1</STRONG> (Thumb, 0 bytes, Stack size unknown bytes, libinit2.o(.ARM.Collect$$libinit$$00000025))

<P><STRONG><a name="[b7]"></a>__rt_lib_init_user_alloc_1</STRONG> (Thumb, 0 bytes, Stack size unknown bytes, libinit2.o(.ARM.Collect$$libinit$$0000000C))

<P><STRONG><a name="[9b]"></a>__rt_lib_shutdown</STRONG> (Thumb, 0 bytes, Stack size unknown bytes, libshutdown.o(.ARM.Collect$$libshutdown$$00000000))
<BR><BR>[Called By]<UL><LI><a href="#[9a]">&gt;&gt;</a>&nbsp;&nbsp;&nbsp;__rt_exit_ls
</UL>

<P><STRONG><a name="[b8]"></a>__rt_lib_shutdown_cpp_1</STRONG> (Thumb, 0 bytes, Stack size unknown bytes, libshutdown2.o(.ARM.Collect$$libshutdown$$00000002))

<P><STRONG><a name="[b9]"></a>__rt_lib_shutdown_fp_trap_1</STRONG> (Thumb, 0 bytes, Stack size unknown bytes, libshutdown2.o(.ARM.Collect$$libshutdown$$00000007))

<P><STRONG><a name="[ba]"></a>__rt_lib_shutdown_heap_1</STRONG> (Thumb, 0 bytes, Stack size unknown bytes, libshutdown2.o(.ARM.Collect$$libshutdown$$0000000F))

<P><STRONG><a name="[bb]"></a>__rt_lib_shutdown_return</STRONG> (Thumb, 0 bytes, Stack size unknown bytes, libshutdown2.o(.ARM.Collect$$libshutdown$$00000010))

<P><STRONG><a name="[bc]"></a>__rt_lib_shutdown_signal_1</STRONG> (Thumb, 0 bytes, Stack size unknown bytes, libshutdown2.o(.ARM.Collect$$libshutdown$$0000000A))

<P><STRONG><a name="[bd]"></a>__rt_lib_shutdown_stdio_1</STRONG> (Thumb, 0 bytes, Stack size unknown bytes, libshutdown2.o(.ARM.Collect$$libshutdown$$00000004))

<P><STRONG><a name="[be]"></a>__rt_lib_shutdown_user_alloc_1</STRONG> (Thumb, 0 bytes, Stack size unknown bytes, libshutdown2.o(.ARM.Collect$$libshutdown$$0000000C))

<P><STRONG><a name="[8f]"></a>__rt_entry</STRONG> (Thumb, 0 bytes, Stack size unknown bytes, __rtentry.o(.ARM.Collect$$rtentry$$00000000))
<BR><BR>[Called By]<UL><LI><a href="#[90]">&gt;&gt;</a>&nbsp;&nbsp;&nbsp;__scatterload_rt2
<LI><a href="#[8d]">&gt;&gt;</a>&nbsp;&nbsp;&nbsp;__main
</UL>

<P><STRONG><a name="[bf]"></a>__rt_entry_presh_1</STRONG> (Thumb, 0 bytes, Stack size unknown bytes, __rtentry2.o(.ARM.Collect$$rtentry$$00000002))

<P><STRONG><a name="[93]"></a>__rt_entry_sh</STRONG> (Thumb, 0 bytes, Stack size unknown bytes, __rtentry4.o(.ARM.Collect$$rtentry$$00000004))
<BR><BR>[Stack]<UL><LI>Max Depth = 8 + Unknown Stack Size
<LI>Call Chain = __rt_entry_sh &rArr; __user_setup_stackheap
</UL>
<BR>[Calls]<UL><LI><a href="#[94]">&gt;&gt;</a>&nbsp;&nbsp;&nbsp;__user_setup_stackheap
</UL>

<P><STRONG><a name="[95]"></a>__rt_entry_li</STRONG> (Thumb, 0 bytes, Stack size unknown bytes, __rtentry2.o(.ARM.Collect$$rtentry$$0000000A))
<BR><BR>[Calls]<UL><LI><a href="#[96]">&gt;&gt;</a>&nbsp;&nbsp;&nbsp;__rt_lib_init
</UL>

<P><STRONG><a name="[c0]"></a>__rt_entry_postsh_1</STRONG> (Thumb, 0 bytes, Stack size unknown bytes, __rtentry2.o(.ARM.Collect$$rtentry$$00000009))

<P><STRONG><a name="[97]"></a>__rt_entry_main</STRONG> (Thumb, 0 bytes, Stack size unknown bytes, __rtentry2.o(.ARM.Collect$$rtentry$$0000000D))
<BR><BR>[Stack]<UL><LI>Max Depth = 8 + Unknown Stack Size
<LI>Call Chain = __rt_entry_main &rArr; exit
</UL>
<BR>[Calls]<UL><LI><a href="#[99]">&gt;&gt;</a>&nbsp;&nbsp;&nbsp;exit
<LI><a href="#[98]">&gt;&gt;</a>&nbsp;&nbsp;&nbsp;main
</UL>

<P><STRONG><a name="[c1]"></a>__rt_entry_postli_1</STRONG> (Thumb, 0 bytes, Stack size unknown bytes, __rtentry2.o(.ARM.Collect$$rtentry$$0000000C))

<P><STRONG><a name="[a0]"></a>__rt_exit</STRONG> (Thumb, 0 bytes, Stack size unknown bytes, rtexit.o(.ARM.Collect$$rtexit$$00000000))
<BR><BR>[Called By]<UL><LI><a href="#[99]">&gt;&gt;</a>&nbsp;&nbsp;&nbsp;exit
</UL>

<P><STRONG><a name="[9a]"></a>__rt_exit_ls</STRONG> (Thumb, 0 bytes, Stack size unknown bytes, rtexit2.o(.ARM.Collect$$rtexit$$00000003))
<BR><BR>[Calls]<UL><LI><a href="#[9b]">&gt;&gt;</a>&nbsp;&nbsp;&nbsp;__rt_lib_shutdown
</UL>

<P><STRONG><a name="[c2]"></a>__rt_exit_prels_1</STRONG> (Thumb, 0 bytes, Stack size unknown bytes, rtexit2.o(.ARM.Collect$$rtexit$$00000002))

<P><STRONG><a name="[9c]"></a>__rt_exit_exit</STRONG> (Thumb, 0 bytes, Stack size unknown bytes, rtexit2.o(.ARM.Collect$$rtexit$$00000004))
<BR><BR>[Calls]<UL><LI><a href="#[9d]">&gt;&gt;</a>&nbsp;&nbsp;&nbsp;_sys_exit
</UL>

<P><STRONG><a name="[2]"></a>Reset_Handler</STRONG> (Thumb, 20 bytes, Stack size 0 bytes, startup_s6e2cc.o(.text))
<BR>[Address Reference Count : 1]<UL><LI> startup_s6e2cc.o(RESET)
</UL>
<P><STRONG><a name="[3]"></a>NMI_Handler</STRONG> (Thumb, 2 bytes, Stack size 0 bytes, startup_s6e2cc.o(.text))
<BR><BR>[Calls]<UL><LI><a href="#[3]">&gt;&gt;</a>&nbsp;&nbsp;&nbsp;NMI_Handler
</UL>
<BR>[Called By]<UL><LI><a href="#[3]">&gt;&gt;</a>&nbsp;&nbsp;&nbsp;NMI_Handler
</UL>
<BR>[Address Reference Count : 1]<UL><LI> startup_s6e2cc.o(RESET)
</UL>
<P><STRONG><a name="[4]"></a>HardFault_Handler</STRONG> (Thumb, 2 bytes, Stack size 0 bytes, startup_s6e2cc.o(.text))
<BR><BR>[Calls]<UL><LI><a href="#[4]">&gt;&gt;</a>&nbsp;&nbsp;&nbsp;HardFault_Handler
</UL>
<BR>[Called By]<UL><LI><a href="#[4]">&gt;&gt;</a>&nbsp;&nbsp;&nbsp;HardFault_Handler
</UL>
<BR>[Address Reference Count : 1]<UL><LI> startup_s6e2cc.o(RESET)
</UL>
<P><STRONG><a name="[5]"></a>MemManage_Handler</STRONG> (Thumb, 2 bytes, Stack size 0 bytes, startup_s6e2cc.o(.text))
<BR><BR>[Calls]<UL><LI><a href="#[5]">&gt;&gt;</a>&nbsp;&nbsp;&nbsp;MemManage_Handler
</UL>
<BR>[Called By]<UL><LI><a href="#[5]">&gt;&gt;</a>&nbsp;&nbsp;&nbsp;MemManage_Handler
</UL>
<BR>[Address Reference Count : 1]<UL><LI> startup_s6e2cc.o(RESET)
</UL>
<P><STRONG><a name="[6]"></a>BusFault_Handler</STRONG> (Thumb, 2 bytes, Stack size 0 bytes, startup_s6e2cc.o(.text))
<BR><BR>[Calls]<UL><LI><a href="#[6]">&gt;&gt;</a>&nbsp;&nbsp;&nbsp;BusFault_Handler
</UL>
<BR>[Called By]<UL><LI><a href="#[6]">&gt;&gt;</a>&nbsp;&nbsp;&nbsp;BusFault_Handler
</UL>
<BR>[Address Reference Count : 1]<UL><LI> startup_s6e2cc.o(RESET)
</UL>
<P><STRONG><a name="[7]"></a>UsageFault_Handler</STRONG> (Thumb, 2 bytes, Stack size 0 bytes, startup_s6e2cc.o(.text))
<BR><BR>[Calls]<UL><LI><a href="#[7]">&gt;&gt;</a>&nbsp;&nbsp;&nbsp;UsageFault_Handler
</UL>
<BR>[Called By]<UL><LI><a href="#[7]">&gt;&gt;</a>&nbsp;&nbsp;&nbsp;UsageFault_Handler
</UL>
<BR>[Address Reference Count : 1]<UL><LI> startup_s6e2cc.o(RESET)
</UL>
<P><STRONG><a name="[8]"></a>SVC_Handler</STRONG> (Thumb, 2 bytes, Stack size 0 bytes, startup_s6e2cc.o(.text))
<BR><BR>[Calls]<UL><LI><a href="#[8]">&gt;&gt;</a>&nbsp;&nbsp;&nbsp;SVC_Handler
</UL>
<BR>[Called By]<UL><LI><a href="#[8]">&gt;&gt;</a>&nbsp;&nbsp;&nbsp;SVC_Handler
</UL>
<BR>[Address Reference Count : 1]<UL><LI> startup_s6e2cc.o(RESET)
</UL>
<P><STRONG><a name="[9]"></a>DebugMon_Handler</STRONG> (Thumb, 2 bytes, Stack size 0 bytes, startup_s6e2cc.o(.text))
<BR><BR>[Calls]<UL><LI><a href="#[9]">&gt;&gt;</a>&nbsp;&nbsp;&nbsp;DebugMon_Handler
</UL>
<BR>[Called By]<UL><LI><a href="#[9]">&gt;&gt;</a>&nbsp;&nbsp;&nbsp;DebugMon_Handler
</UL>
<BR>[Address Reference Count : 1]<UL><LI> startup_s6e2cc.o(RESET)
</UL>
<P><STRONG><a name="[a]"></a>PendSV_Handler</STRONG> (Thumb, 2 bytes, Stack size 0 bytes, startup_s6e2cc.o(.text))
<BR><BR>[Calls]<UL><LI><a href="#[a]">&gt;&gt;</a>&nbsp;&nbsp;&nbsp;PendSV_Handler
</UL>
<BR>[Called By]<UL><LI><a href="#[a]">&gt;&gt;</a>&nbsp;&nbsp;&nbsp;PendSV_Handler
</UL>
<BR>[Address Reference Count : 1]<UL><LI> startup_s6e2cc.o(RESET)
</UL>
<P><STRONG><a name="[b]"></a>SysTick_Handler</STRONG> (Thumb, 2 bytes, Stack size 0 bytes, startup_s6e2cc.o(.text))
<BR><BR>[Calls]<UL><LI><a href="#[b]">&gt;&gt;</a>&nbsp;&nbsp;&nbsp;SysTick_Handler
</UL>
<BR>[Called By]<UL><LI><a href="#[b]">&gt;&gt;</a>&nbsp;&nbsp;&nbsp;SysTick_Handler
</UL>
<BR>[Address Reference Count : 1]<UL><LI> startup_s6e2cc.o(RESET)
</UL>
<P><STRONG><a name="[58]"></a>ADC0_IRQHandler</STRONG> (Thumb, 0 bytes, Stack size 0 bytes, startup_s6e2cc.o(.text))
<BR><BR>[Calls]<UL><LI><a href="#[58]">&gt;&gt;</a>&nbsp;&nbsp;&nbsp;ADC0_IRQHandler
</UL>
<BR>[Called By]<UL><LI><a href="#[58]">&gt;&gt;</a>&nbsp;&nbsp;&nbsp;ADC0_IRQHandler
</UL>
<BR>[Address Reference Count : 1]<UL><LI> startup_s6e2cc.o(RESET)
</UL>
<P><STRONG><a name="[59]"></a>ADC1_IRQHandler</STRONG> (Thumb, 0 bytes, Stack size 0 bytes, startup_s6e2cc.o(.text))
<BR>[Address Reference Count : 1]<UL><LI> startup_s6e2cc.o(RESET)
</UL>
<P><STRONG><a name="[7b]"></a>ADC2_IRQHandler</STRONG> (Thumb, 0 bytes, Stack size 0 bytes, startup_s6e2cc.o(.text))
<BR>[Address Reference Count : 1]<UL><LI> startup_s6e2cc.o(RESET)
</UL>
<P><STRONG><a name="[33]"></a>BT0_IRQHandler</STRONG> (Thumb, 0 bytes, Stack size 0 bytes, startup_s6e2cc.o(.text))
<BR>[Address Reference Count : 1]<UL><LI> startup_s6e2cc.o(RESET)
</UL>
<P><STRONG><a name="[70]"></a>BT10_IRQHandler</STRONG> (Thumb, 0 bytes, Stack size 0 bytes, startup_s6e2cc.o(.text))
<BR>[Address Reference Count : 1]<UL><LI> startup_s6e2cc.o(RESET)
</UL>
<P><STRONG><a name="[71]"></a>BT11_IRQHandler</STRONG> (Thumb, 0 bytes, Stack size 0 bytes, startup_s6e2cc.o(.text))
<BR>[Address Reference Count : 1]<UL><LI> startup_s6e2cc.o(RESET)
</UL>
<P><STRONG><a name="[72]"></a>BT12_15_IRQHandler</STRONG> (Thumb, 0 bytes, Stack size 0 bytes, startup_s6e2cc.o(.text))
<BR>[Address Reference Count : 1]<UL><LI> startup_s6e2cc.o(RESET)
</UL>
<P><STRONG><a name="[34]"></a>BT1_IRQHandler</STRONG> (Thumb, 0 bytes, Stack size 0 bytes, startup_s6e2cc.o(.text))
<BR>[Address Reference Count : 1]<UL><LI> startup_s6e2cc.o(RESET)
</UL>
<P><STRONG><a name="[35]"></a>BT2_IRQHandler</STRONG> (Thumb, 0 bytes, Stack size 0 bytes, startup_s6e2cc.o(.text))
<BR>[Address Reference Count : 1]<UL><LI> startup_s6e2cc.o(RESET)
</UL>
<P><STRONG><a name="[36]"></a>BT3_IRQHandler</STRONG> (Thumb, 0 bytes, Stack size 0 bytes, startup_s6e2cc.o(.text))
<BR>[Address Reference Count : 1]<UL><LI> startup_s6e2cc.o(RESET)
</UL>
<P><STRONG><a name="[37]"></a>BT4_IRQHandler</STRONG> (Thumb, 0 bytes, Stack size 0 bytes, startup_s6e2cc.o(.text))
<BR>[Address Reference Count : 1]<UL><LI> startup_s6e2cc.o(RESET)
</UL>
<P><STRONG><a name="[38]"></a>BT5_IRQHandler</STRONG> (Thumb, 0 bytes, Stack size 0 bytes, startup_s6e2cc.o(.text))
<BR>[Address Reference Count : 1]<UL><LI> startup_s6e2cc.o(RESET)
</UL>
<P><STRONG><a name="[39]"></a>BT6_IRQHandler</STRONG> (Thumb, 0 bytes, Stack size 0 bytes, startup_s6e2cc.o(.text))
<BR>[Address Reference Count : 1]<UL><LI> startup_s6e2cc.o(RESET)
</UL>
<P><STRONG><a name="[3a]"></a>BT7_IRQHandler</STRONG> (Thumb, 0 bytes, Stack size 0 bytes, startup_s6e2cc.o(.text))
<BR>[Address Reference Count : 1]<UL><LI> startup_s6e2cc.o(RESET)
</UL>
<P><STRONG><a name="[6e]"></a>BT8_IRQHandler</STRONG> (Thumb, 0 bytes, Stack size 0 bytes, startup_s6e2cc.o(.text))
<BR>[Address Reference Count : 1]<UL><LI> startup_s6e2cc.o(RESET)
</UL>
<P><STRONG><a name="[6f]"></a>BT9_IRQHandler</STRONG> (Thumb, 0 bytes, Stack size 0 bytes, startup_s6e2cc.o(.text))
<BR>[Address Reference Count : 1]<UL><LI> startup_s6e2cc.o(RESET)
</UL>
<P><STRONG><a name="[5c]"></a>CAN0_IRQHandler</STRONG> (Thumb, 0 bytes, Stack size 0 bytes, startup_s6e2cc.o(.text))
<BR>[Address Reference Count : 1]<UL><LI> startup_s6e2cc.o(RESET)
</UL>
<P><STRONG><a name="[5d]"></a>CAN1_CANFD_IRQHandler</STRONG> (Thumb, 0 bytes, Stack size 0 bytes, startup_s6e2cc.o(.text))
<BR>[Address Reference Count : 1]<UL><LI> startup_s6e2cc.o(RESET)
</UL>
<P><STRONG><a name="[c]"></a>CSV_IRQHandler</STRONG> (Thumb, 0 bytes, Stack size 0 bytes, startup_s6e2cc.o(.text))
<BR>[Address Reference Count : 1]<UL><LI> startup_s6e2cc.o(RESET)
</UL>
<P><STRONG><a name="[5f]"></a>DMAC0_IRQHandler</STRONG> (Thumb, 0 bytes, Stack size 0 bytes, startup_s6e2cc.o(.text))
<BR>[Address Reference Count : 1]<UL><LI> startup_s6e2cc.o(RESET)
</UL>
<P><STRONG><a name="[60]"></a>DMAC1_IRQHandler</STRONG> (Thumb, 0 bytes, Stack size 0 bytes, startup_s6e2cc.o(.text))
<BR>[Address Reference Count : 1]<UL><LI> startup_s6e2cc.o(RESET)
</UL>
<P><STRONG><a name="[61]"></a>DMAC2_IRQHandler</STRONG> (Thumb, 0 bytes, Stack size 0 bytes, startup_s6e2cc.o(.text))
<BR>[Address Reference Count : 1]<UL><LI> startup_s6e2cc.o(RESET)
</UL>
<P><STRONG><a name="[62]"></a>DMAC3_IRQHandler</STRONG> (Thumb, 0 bytes, Stack size 0 bytes, startup_s6e2cc.o(.text))
<BR>[Address Reference Count : 1]<UL><LI> startup_s6e2cc.o(RESET)
</UL>
<P><STRONG><a name="[63]"></a>DMAC4_IRQHandler</STRONG> (Thumb, 0 bytes, Stack size 0 bytes, startup_s6e2cc.o(.text))
<BR>[Address Reference Count : 1]<UL><LI> startup_s6e2cc.o(RESET)
</UL>
<P><STRONG><a name="[64]"></a>DMAC5_IRQHandler</STRONG> (Thumb, 0 bytes, Stack size 0 bytes, startup_s6e2cc.o(.text))
<BR>[Address Reference Count : 1]<UL><LI> startup_s6e2cc.o(RESET)
</UL>
<P><STRONG><a name="[65]"></a>DMAC6_IRQHandler</STRONG> (Thumb, 0 bytes, Stack size 0 bytes, startup_s6e2cc.o(.text))
<BR>[Address Reference Count : 1]<UL><LI> startup_s6e2cc.o(RESET)
</UL>
<P><STRONG><a name="[66]"></a>DMAC7_IRQHandler</STRONG> (Thumb, 0 bytes, Stack size 0 bytes, startup_s6e2cc.o(.text))
<BR>[Address Reference Count : 1]<UL><LI> startup_s6e2cc.o(RESET)
</UL>
<P><STRONG><a name="[67]"></a>DSTC_IRQHandler</STRONG> (Thumb, 0 bytes, Stack size 0 bytes, startup_s6e2cc.o(.text))
<BR>[Address Reference Count : 1]<UL><LI> startup_s6e2cc.o(RESET)
</UL>
<P><STRONG><a name="[3b]"></a>DT1_2_IRAHandler</STRONG> (Thumb, 0 bytes, Stack size 0 bytes, startup_s6e2cc.o(.text))
<BR>[Address Reference Count : 1]<UL><LI> startup_s6e2cc.o(RESET)
</UL>
<P><STRONG><a name="[7c]"></a>Dummy</STRONG> (Thumb, 0 bytes, Stack size 0 bytes, startup_s6e2cc.o(.text))
<BR>[Address Reference Count : 1]<UL><LI> startup_s6e2cc.o(RESET)
</UL>
<P><STRONG><a name="[5e]"></a>ETHER0_IRQHandler</STRONG> (Thumb, 0 bytes, Stack size 0 bytes, startup_s6e2cc.o(.text))
<BR>[Address Reference Count : 1]<UL><LI> startup_s6e2cc.o(RESET)
</UL>
<P><STRONG><a name="[17]"></a>EXINT0_IRQHandler</STRONG> (Thumb, 0 bytes, Stack size 0 bytes, startup_s6e2cc.o(.text))
<BR>[Address Reference Count : 1]<UL><LI> startup_s6e2cc.o(RESET)
</UL>
<P><STRONG><a name="[68]"></a>EXINT16_17_18_19_IRQHandler</STRONG> (Thumb, 0 bytes, Stack size 0 bytes, startup_s6e2cc.o(.text))
<BR>[Address Reference Count : 1]<UL><LI> startup_s6e2cc.o(RESET)
</UL>
<P><STRONG><a name="[18]"></a>EXINT1_IRQHandler</STRONG> (Thumb, 0 bytes, Stack size 0 bytes, startup_s6e2cc.o(.text))
<BR>[Address Reference Count : 1]<UL><LI> startup_s6e2cc.o(RESET)
</UL>
<P><STRONG><a name="[69]"></a>EXINT20_21_22_23_IRQHandler</STRONG> (Thumb, 0 bytes, Stack size 0 bytes, startup_s6e2cc.o(.text))
<BR>[Address Reference Count : 1]<UL><LI> startup_s6e2cc.o(RESET)
</UL>
<P><STRONG><a name="[6a]"></a>EXINT24_25_26_27_IRQHandler</STRONG> (Thumb, 0 bytes, Stack size 0 bytes, startup_s6e2cc.o(.text))
<BR>[Address Reference Count : 1]<UL><LI> startup_s6e2cc.o(RESET)
</UL>
<P><STRONG><a name="[6b]"></a>EXINT28_29_30_31_IRQHandler</STRONG> (Thumb, 0 bytes, Stack size 0 bytes, startup_s6e2cc.o(.text))
<BR>[Address Reference Count : 1]<UL><LI> startup_s6e2cc.o(RESET)
</UL>
<P><STRONG><a name="[19]"></a>EXINT2_IRQHandler</STRONG> (Thumb, 0 bytes, Stack size 0 bytes, startup_s6e2cc.o(.text))
<BR>[Address Reference Count : 1]<UL><LI> startup_s6e2cc.o(RESET)
</UL>
<P><STRONG><a name="[1a]"></a>EXINT3_IRQHandler</STRONG> (Thumb, 0 bytes, Stack size 0 bytes, startup_s6e2cc.o(.text))
<BR>[Address Reference Count : 1]<UL><LI> startup_s6e2cc.o(RESET)
</UL>
<P><STRONG><a name="[1b]"></a>EXINT4_IRQHandler</STRONG> (Thumb, 0 bytes, Stack size 0 bytes, startup_s6e2cc.o(.text))
<BR>[Address Reference Count : 1]<UL><LI> startup_s6e2cc.o(RESET)
</UL>
<P><STRONG><a name="[1c]"></a>EXINT5_IRQHandler</STRONG> (Thumb, 0 bytes, Stack size 0 bytes, startup_s6e2cc.o(.text))
<BR>[Address Reference Count : 1]<UL><LI> startup_s6e2cc.o(RESET)
</UL>
<P><STRONG><a name="[1d]"></a>EXINT6_IRQHandler</STRONG> (Thumb, 0 bytes, Stack size 0 bytes, startup_s6e2cc.o(.text))
<BR>[Address Reference Count : 1]<UL><LI> startup_s6e2cc.o(RESET)
</UL>
<P><STRONG><a name="[1e]"></a>EXINT7_IRQHandler</STRONG> (Thumb, 0 bytes, Stack size 0 bytes, startup_s6e2cc.o(.text))
<BR>[Address Reference Count : 1]<UL><LI> startup_s6e2cc.o(RESET)
</UL>
<P><STRONG><a name="[3d]"></a>EXTBUS_ERR_Handler</STRONG> (Thumb, 0 bytes, Stack size 0 bytes, startup_s6e2cc.o(.text))
<BR>[Address Reference Count : 1]<UL><LI> startup_s6e2cc.o(RESET)
</UL>
<P><STRONG><a name="[41]"></a>EXTINT10_IRQHandler</STRONG> (Thumb, 0 bytes, Stack size 0 bytes, startup_s6e2cc.o(.text))
<BR>[Address Reference Count : 1]<UL><LI> startup_s6e2cc.o(RESET)
</UL>
<P><STRONG><a name="[42]"></a>EXTINT11_IRQHandler</STRONG> (Thumb, 0 bytes, Stack size 0 bytes, startup_s6e2cc.o(.text))
<BR>[Address Reference Count : 1]<UL><LI> startup_s6e2cc.o(RESET)
</UL>
<P><STRONG><a name="[43]"></a>EXTINT12_IRQHandler</STRONG> (Thumb, 0 bytes, Stack size 0 bytes, startup_s6e2cc.o(.text))
<BR>[Address Reference Count : 1]<UL><LI> startup_s6e2cc.o(RESET)
</UL>
<P><STRONG><a name="[44]"></a>EXTINT13_IRQHandler</STRONG> (Thumb, 0 bytes, Stack size 0 bytes, startup_s6e2cc.o(.text))
<BR>[Address Reference Count : 1]<UL><LI> startup_s6e2cc.o(RESET)
</UL>
<P><STRONG><a name="[45]"></a>EXTINT14_IRQHandler</STRONG> (Thumb, 0 bytes, Stack size 0 bytes, startup_s6e2cc.o(.text))
<BR>[Address Reference Count : 1]<UL><LI> startup_s6e2cc.o(RESET)
</UL>
<P><STRONG><a name="[46]"></a>EXTINT15_IRQHandler</STRONG> (Thumb, 0 bytes, Stack size 0 bytes, startup_s6e2cc.o(.text))
<BR>[Address Reference Count : 1]<UL><LI> startup_s6e2cc.o(RESET)
</UL>
<P><STRONG><a name="[3f]"></a>EXTINT8_IRQHandler</STRONG> (Thumb, 0 bytes, Stack size 0 bytes, startup_s6e2cc.o(.text))
<BR>[Address Reference Count : 1]<UL><LI> startup_s6e2cc.o(RESET)
</UL>
<P><STRONG><a name="[40]"></a>EXTINT9_IRQHandler</STRONG> (Thumb, 0 bytes, Stack size 0 bytes, startup_s6e2cc.o(.text))
<BR>[Address Reference Count : 1]<UL><LI> startup_s6e2cc.o(RESET)
</UL>
<P><STRONG><a name="[82]"></a>FLASHIF_IRQHandler</STRONG> (Thumb, 0 bytes, Stack size 0 bytes, startup_s6e2cc.o(.text))
<BR>[Address Reference Count : 1]<UL><LI> startup_s6e2cc.o(RESET)
</UL>
<P><STRONG><a name="[24]"></a>FRT0_PEAK_IRQHandler</STRONG> (Thumb, 0 bytes, Stack size 0 bytes, startup_s6e2cc.o(.text))
<BR>[Address Reference Count : 1]<UL><LI> startup_s6e2cc.o(RESET)
</UL>
<P><STRONG><a name="[25]"></a>FRT0_ZERO_IRQHandler</STRONG> (Thumb, 0 bytes, Stack size 0 bytes, startup_s6e2cc.o(.text))
<BR>[Address Reference Count : 1]<UL><LI> startup_s6e2cc.o(RESET)
</UL>
<P><STRONG><a name="[28]"></a>FRT1_PEAK_IRQHandler</STRONG> (Thumb, 0 bytes, Stack size 0 bytes, startup_s6e2cc.o(.text))
<BR>[Address Reference Count : 1]<UL><LI> startup_s6e2cc.o(RESET)
</UL>
<P><STRONG><a name="[29]"></a>FRT1_ZERO_IRQHandler</STRONG> (Thumb, 0 bytes, Stack size 0 bytes, startup_s6e2cc.o(.text))
<BR>[Address Reference Count : 1]<UL><LI> startup_s6e2cc.o(RESET)
</UL>
<P><STRONG><a name="[2c]"></a>FRT2_PEAK_IRQHandler</STRONG> (Thumb, 0 bytes, Stack size 0 bytes, startup_s6e2cc.o(.text))
<BR>[Address Reference Count : 1]<UL><LI> startup_s6e2cc.o(RESET)
</UL>
<P><STRONG><a name="[2d]"></a>FRT2_ZERO_IRQHandler</STRONG> (Thumb, 0 bytes, Stack size 0 bytes, startup_s6e2cc.o(.text))
<BR>[Address Reference Count : 1]<UL><LI> startup_s6e2cc.o(RESET)
</UL>
<P><STRONG><a name="[7f]"></a>HSSPI_IRQHandler</STRONG> (Thumb, 0 bytes, Stack size 0 bytes, startup_s6e2cc.o(.text))
<BR>[Address Reference Count : 1]<UL><LI> startup_s6e2cc.o(RESET)
</UL>
<P><STRONG><a name="[26]"></a>ICU0_IRQHandler</STRONG> (Thumb, 0 bytes, Stack size 0 bytes, startup_s6e2cc.o(.text))
<BR>[Address Reference Count : 1]<UL><LI> startup_s6e2cc.o(RESET)
</UL>
<P><STRONG><a name="[2a]"></a>ICU1_IRQHandler</STRONG> (Thumb, 0 bytes, Stack size 0 bytes, startup_s6e2cc.o(.text))
<BR>[Address Reference Count : 1]<UL><LI> startup_s6e2cc.o(RESET)
</UL>
<P><STRONG><a name="[2e]"></a>ICU2_IRQHandler</STRONG> (Thumb, 0 bytes, Stack size 0 bytes, startup_s6e2cc.o(.text))
<BR>[Address Reference Count : 1]<UL><LI> startup_s6e2cc.o(RESET)
</UL>
<P><STRONG><a name="[f]"></a>IRQ003SEL_IRQHandler</STRONG> (Thumb, 0 bytes, Stack size 0 bytes, startup_s6e2cc.o(.text))
<BR>[Address Reference Count : 1]<UL><LI> startup_s6e2cc.o(RESET)
</UL>
<P><STRONG><a name="[10]"></a>IRQ004SEL_IRQHandler</STRONG> (Thumb, 0 bytes, Stack size 0 bytes, startup_s6e2cc.o(.text))
<BR>[Address Reference Count : 1]<UL><LI> startup_s6e2cc.o(RESET)
</UL>
<P><STRONG><a name="[11]"></a>IRQ005SEL_IRQHandler</STRONG> (Thumb, 0 bytes, Stack size 0 bytes, startup_s6e2cc.o(.text))
<BR>[Address Reference Count : 1]<UL><LI> startup_s6e2cc.o(RESET)
</UL>
<P><STRONG><a name="[12]"></a>IRQ006SEL_IRQHandler</STRONG> (Thumb, 0 bytes, Stack size 0 bytes, startup_s6e2cc.o(.text))
<BR>[Address Reference Count : 1]<UL><LI> startup_s6e2cc.o(RESET)
</UL>
<P><STRONG><a name="[13]"></a>IRQ007SEL_IRQHandler</STRONG> (Thumb, 0 bytes, Stack size 0 bytes, startup_s6e2cc.o(.text))
<BR>[Address Reference Count : 1]<UL><LI> startup_s6e2cc.o(RESET)
</UL>
<P><STRONG><a name="[14]"></a>IRQ008SEL_IRQHandler</STRONG> (Thumb, 0 bytes, Stack size 0 bytes, startup_s6e2cc.o(.text))
<BR>[Address Reference Count : 1]<UL><LI> startup_s6e2cc.o(RESET)
</UL>
<P><STRONG><a name="[15]"></a>IRQ009SEL_IRQHandler</STRONG> (Thumb, 0 bytes, Stack size 0 bytes, startup_s6e2cc.o(.text))
<BR>[Address Reference Count : 1]<UL><LI> startup_s6e2cc.o(RESET)
</UL>
<P><STRONG><a name="[16]"></a>IRQ010SEL_IRQHandler</STRONG> (Thumb, 0 bytes, Stack size 0 bytes, startup_s6e2cc.o(.text))
<BR>[Address Reference Count : 1]<UL><LI> startup_s6e2cc.o(RESET)
</UL>
<P><STRONG><a name="[e]"></a>LVD_IRQHandler</STRONG> (Thumb, 0 bytes, Stack size 0 bytes, startup_s6e2cc.o(.text))
<BR>[Address Reference Count : 1]<UL><LI> startup_s6e2cc.o(RESET)
</UL>
<P><STRONG><a name="[48]"></a>MFS0_RX_IRQHandler</STRONG> (Thumb, 0 bytes, Stack size 0 bytes, startup_s6e2cc.o(.text))
<BR>[Address Reference Count : 1]<UL><LI> startup_s6e2cc.o(RESET)
</UL>
<P><STRONG><a name="[49]"></a>MFS0_TX_IRQHandler</STRONG> (Thumb, 0 bytes, Stack size 0 bytes, startup_s6e2cc.o(.text))
<BR>[Address Reference Count : 1]<UL><LI> startup_s6e2cc.o(RESET)
</UL>
<P><STRONG><a name="[77]"></a>MFS10_RX_IRQHandler</STRONG> (Thumb, 0 bytes, Stack size 0 bytes, startup_s6e2cc.o(.text))
<BR>[Address Reference Count : 1]<UL><LI> startup_s6e2cc.o(RESET)
</UL>
<P><STRONG><a name="[78]"></a>MFS10_TX_IRQHandler</STRONG> (Thumb, 0 bytes, Stack size 0 bytes, startup_s6e2cc.o(.text))
<BR>[Address Reference Count : 1]<UL><LI> startup_s6e2cc.o(RESET)
</UL>
<P><STRONG><a name="[79]"></a>MFS11_RX_IRQHandler</STRONG> (Thumb, 0 bytes, Stack size 0 bytes, startup_s6e2cc.o(.text))
<BR>[Address Reference Count : 1]<UL><LI> startup_s6e2cc.o(RESET)
</UL>
<P><STRONG><a name="[7a]"></a>MFS11_TX_IRQHandler</STRONG> (Thumb, 0 bytes, Stack size 0 bytes, startup_s6e2cc.o(.text))
<BR>[Address Reference Count : 1]<UL><LI> startup_s6e2cc.o(RESET)
</UL>
<P><STRONG><a name="[83]"></a>MFS12_RX_IRQHandler</STRONG> (Thumb, 0 bytes, Stack size 0 bytes, startup_s6e2cc.o(.text))
<BR>[Address Reference Count : 1]<UL><LI> startup_s6e2cc.o(RESET)
</UL>
<P><STRONG><a name="[84]"></a>MFS12_TX_IRQHandler</STRONG> (Thumb, 0 bytes, Stack size 0 bytes, startup_s6e2cc.o(.text))
<BR>[Address Reference Count : 1]<UL><LI> startup_s6e2cc.o(RESET)
</UL>
<P><STRONG><a name="[85]"></a>MFS13_RX_IRQHandler</STRONG> (Thumb, 0 bytes, Stack size 0 bytes, startup_s6e2cc.o(.text))
<BR>[Address Reference Count : 1]<UL><LI> startup_s6e2cc.o(RESET)
</UL>
<P><STRONG><a name="[86]"></a>MFS13_TX_IRQHandler</STRONG> (Thumb, 0 bytes, Stack size 0 bytes, startup_s6e2cc.o(.text))
<BR>[Address Reference Count : 1]<UL><LI> startup_s6e2cc.o(RESET)
</UL>
<P><STRONG><a name="[87]"></a>MFS14_RX_IRQHandler</STRONG> (Thumb, 0 bytes, Stack size 0 bytes, startup_s6e2cc.o(.text))
<BR>[Address Reference Count : 1]<UL><LI> startup_s6e2cc.o(RESET)
</UL>
<P><STRONG><a name="[88]"></a>MFS14_TX_IRQHandler</STRONG> (Thumb, 0 bytes, Stack size 0 bytes, startup_s6e2cc.o(.text))
<BR>[Address Reference Count : 1]<UL><LI> startup_s6e2cc.o(RESET)
</UL>
<P><STRONG><a name="[89]"></a>MFS15_RX_IRQHandler</STRONG> (Thumb, 0 bytes, Stack size 0 bytes, startup_s6e2cc.o(.text))
<BR>[Address Reference Count : 1]<UL><LI> startup_s6e2cc.o(RESET)
</UL>
<P><STRONG><a name="[8a]"></a>MFS15_TX_IRQHandler</STRONG> (Thumb, 0 bytes, Stack size 0 bytes, startup_s6e2cc.o(.text))
<BR>[Address Reference Count : 1]<UL><LI> startup_s6e2cc.o(RESET)
</UL>
<P><STRONG><a name="[4a]"></a>MFS1_RX_IRQHandler</STRONG> (Thumb, 0 bytes, Stack size 0 bytes, startup_s6e2cc.o(.text))
<BR>[Address Reference Count : 1]<UL><LI> startup_s6e2cc.o(RESET)
</UL>
<P><STRONG><a name="[4b]"></a>MFS1_TX_IRQHandler</STRONG> (Thumb, 0 bytes, Stack size 0 bytes, startup_s6e2cc.o(.text))
<BR>[Address Reference Count : 1]<UL><LI> startup_s6e2cc.o(RESET)
</UL>
<P><STRONG><a name="[4c]"></a>MFS2_RX_IRQHandler</STRONG> (Thumb, 0 bytes, Stack size 0 bytes, startup_s6e2cc.o(.text))
<BR>[Address Reference Count : 1]<UL><LI> startup_s6e2cc.o(RESET)
</UL>
<P><STRONG><a name="[4d]"></a>MFS2_TX_IRQHandler</STRONG> (Thumb, 0 bytes, Stack size 0 bytes, startup_s6e2cc.o(.text))
<BR>[Address Reference Count : 1]<UL><LI> startup_s6e2cc.o(RESET)
</UL>
<P><STRONG><a name="[4e]"></a>MFS3_RX_IRQHandler</STRONG> (Thumb, 0 bytes, Stack size 0 bytes, startup_s6e2cc.o(.text))
<BR>[Address Reference Count : 1]<UL><LI> startup_s6e2cc.o(RESET)
</UL>
<P><STRONG><a name="[4f]"></a>MFS3_TX_IRQHandler</STRONG> (Thumb, 0 bytes, Stack size 0 bytes, startup_s6e2cc.o(.text))
<BR>[Address Reference Count : 1]<UL><LI> startup_s6e2cc.o(RESET)
</UL>
<P><STRONG><a name="[50]"></a>MFS4_RX_IRQHandler</STRONG> (Thumb, 0 bytes, Stack size 0 bytes, startup_s6e2cc.o(.text))
<BR>[Address Reference Count : 1]<UL><LI> startup_s6e2cc.o(RESET)
</UL>
<P><STRONG><a name="[51]"></a>MFS4_TX_IRQHandler</STRONG> (Thumb, 0 bytes, Stack size 0 bytes, startup_s6e2cc.o(.text))
<BR>[Address Reference Count : 1]<UL><LI> startup_s6e2cc.o(RESET)
</UL>
<P><STRONG><a name="[52]"></a>MFS5_RX_IRQHandler</STRONG> (Thumb, 0 bytes, Stack size 0 bytes, startup_s6e2cc.o(.text))
<BR>[Address Reference Count : 1]<UL><LI> startup_s6e2cc.o(RESET)
</UL>
<P><STRONG><a name="[53]"></a>MFS5_TX_IRQHandler</STRONG> (Thumb, 0 bytes, Stack size 0 bytes, startup_s6e2cc.o(.text))
<BR>[Address Reference Count : 1]<UL><LI> startup_s6e2cc.o(RESET)
</UL>
<P><STRONG><a name="[54]"></a>MFS6_RX_IRQHandler</STRONG> (Thumb, 0 bytes, Stack size 0 bytes, startup_s6e2cc.o(.text))
<BR>[Address Reference Count : 1]<UL><LI> startup_s6e2cc.o(RESET)
</UL>
<P><STRONG><a name="[55]"></a>MFS6_TX_IRQHandler</STRONG> (Thumb, 0 bytes, Stack size 0 bytes, startup_s6e2cc.o(.text))
<BR>[Address Reference Count : 1]<UL><LI> startup_s6e2cc.o(RESET)
</UL>
<P><STRONG><a name="[56]"></a>MFS7_RX_IRQHandler</STRONG> (Thumb, 0 bytes, Stack size 0 bytes, startup_s6e2cc.o(.text))
<BR>[Address Reference Count : 1]<UL><LI> startup_s6e2cc.o(RESET)
</UL>
<P><STRONG><a name="[57]"></a>MFS7_TX_IRQHandler</STRONG> (Thumb, 0 bytes, Stack size 0 bytes, startup_s6e2cc.o(.text))
<BR>[Address Reference Count : 1]<UL><LI> startup_s6e2cc.o(RESET)
</UL>
<P><STRONG><a name="[73]"></a>MFS8_RX_IRQHandler</STRONG> (Thumb, 0 bytes, Stack size 0 bytes, startup_s6e2cc.o(.text))
<BR>[Address Reference Count : 1]<UL><LI> startup_s6e2cc.o(RESET)
</UL>
<P><STRONG><a name="[74]"></a>MFS8_TX_IRQHandler</STRONG> (Thumb, 0 bytes, Stack size 0 bytes, startup_s6e2cc.o(.text))
<BR>[Address Reference Count : 1]<UL><LI> startup_s6e2cc.o(RESET)
</UL>
<P><STRONG><a name="[75]"></a>MFS9_RX_IRQHandler</STRONG> (Thumb, 0 bytes, Stack size 0 bytes, startup_s6e2cc.o(.text))
<BR>[Address Reference Count : 1]<UL><LI> startup_s6e2cc.o(RESET)
</UL>
<P><STRONG><a name="[76]"></a>MFS9_TX_IRQHandler</STRONG> (Thumb, 0 bytes, Stack size 0 bytes, startup_s6e2cc.o(.text))
<BR>[Address Reference Count : 1]<UL><LI> startup_s6e2cc.o(RESET)
</UL>
<P><STRONG><a name="[27]"></a>OCU0_IRQHandler</STRONG> (Thumb, 0 bytes, Stack size 0 bytes, startup_s6e2cc.o(.text))
<BR>[Address Reference Count : 1]<UL><LI> startup_s6e2cc.o(RESET)
</UL>
<P><STRONG><a name="[2b]"></a>OCU1_IRQHandler</STRONG> (Thumb, 0 bytes, Stack size 0 bytes, startup_s6e2cc.o(.text))
<BR>[Address Reference Count : 1]<UL><LI> startup_s6e2cc.o(RESET)
</UL>
<P><STRONG><a name="[2f]"></a>OCU2_IRQHandler</STRONG> (Thumb, 0 bytes, Stack size 0 bytes, startup_s6e2cc.o(.text))
<BR>[Address Reference Count : 1]<UL><LI> startup_s6e2cc.o(RESET)
</UL>
<P><STRONG><a name="[30]"></a>PPG00_02_04_IRQHandler</STRONG> (Thumb, 0 bytes, Stack size 0 bytes, startup_s6e2cc.o(.text))
<BR>[Address Reference Count : 1]<UL><LI> startup_s6e2cc.o(RESET)
</UL>
<P><STRONG><a name="[31]"></a>PPG08_10_12_IRQHandler</STRONG> (Thumb, 0 bytes, Stack size 0 bytes, startup_s6e2cc.o(.text))
<BR>[Address Reference Count : 1]<UL><LI> startup_s6e2cc.o(RESET)
</UL>
<P><STRONG><a name="[32]"></a>PPG16_18_20_IRQHandler</STRONG> (Thumb, 0 bytes, Stack size 0 bytes, startup_s6e2cc.o(.text))
<BR>[Address Reference Count : 1]<UL><LI> startup_s6e2cc.o(RESET)
</UL>
<P><STRONG><a name="[80]"></a>PRGCRC_I2S_IRQHandler</STRONG> (Thumb, 0 bytes, Stack size 0 bytes, startup_s6e2cc.o(.text))
<BR>[Address Reference Count : 1]<UL><LI> startup_s6e2cc.o(RESET)
</UL>
<P><STRONG><a name="[1f]"></a>QPRC0_IRQHandler</STRONG> (Thumb, 0 bytes, Stack size 0 bytes, startup_s6e2cc.o(.text))
<BR>[Address Reference Count : 1]<UL><LI> startup_s6e2cc.o(RESET)
</UL>
<P><STRONG><a name="[20]"></a>QPRC1_IRQHandler</STRONG> (Thumb, 0 bytes, Stack size 0 bytes, startup_s6e2cc.o(.text))
<BR>[Address Reference Count : 1]<UL><LI> startup_s6e2cc.o(RESET)
</UL>
<P><STRONG><a name="[6c]"></a>QPRC2_IRQHandler</STRONG> (Thumb, 0 bytes, Stack size 0 bytes, startup_s6e2cc.o(.text))
<BR>[Address Reference Count : 1]<UL><LI> startup_s6e2cc.o(RESET)
</UL>
<P><STRONG><a name="[6d]"></a>QPRC3_IRQHandler</STRONG> (Thumb, 0 bytes, Stack size 0 bytes, startup_s6e2cc.o(.text))
<BR>[Address Reference Count : 1]<UL><LI> startup_s6e2cc.o(RESET)
</UL>
<P><STRONG><a name="[3e]"></a>RTC_IRQHandler</STRONG> (Thumb, 0 bytes, Stack size 0 bytes, startup_s6e2cc.o(.text))
<BR>[Address Reference Count : 1]<UL><LI> startup_s6e2cc.o(RESET)
</UL>
<P><STRONG><a name="[81]"></a>SD_IRQHandler</STRONG> (Thumb, 0 bytes, Stack size 0 bytes, startup_s6e2cc.o(.text))
<BR>[Address Reference Count : 1]<UL><LI> startup_s6e2cc.o(RESET)
</UL>
<P><STRONG><a name="[d]"></a>SWDT_IRQHandler</STRONG> (Thumb, 0 bytes, Stack size 0 bytes, startup_s6e2cc.o(.text))
<BR>[Address Reference Count : 1]<UL><LI> startup_s6e2cc.o(RESET)
</UL>
<P><STRONG><a name="[47]"></a>TIM_IRQHandler</STRONG> (Thumb, 0 bytes, Stack size 0 bytes, startup_s6e2cc.o(.text))
<BR>[Address Reference Count : 1]<UL><LI> startup_s6e2cc.o(RESET)
</UL>
<P><STRONG><a name="[5b]"></a>USB0_HOST_IRQHandler</STRONG> (Thumb, 0 bytes, Stack size 0 bytes, startup_s6e2cc.o(.text))
<BR>[Address Reference Count : 1]<UL><LI> startup_s6e2cc.o(RESET)
</UL>
<P><STRONG><a name="[5a]"></a>USB0_IRQHandler</STRONG> (Thumb, 0 bytes, Stack size 0 bytes, startup_s6e2cc.o(.text))
<BR>[Address Reference Count : 1]<UL><LI> startup_s6e2cc.o(RESET)
</UL>
<P><STRONG><a name="[7d]"></a>USB1_HDMICEC0_IRQHandler</STRONG> (Thumb, 0 bytes, Stack size 0 bytes, startup_s6e2cc.o(.text))
<BR>[Address Reference Count : 1]<UL><LI> startup_s6e2cc.o(RESET)
</UL>
<P><STRONG><a name="[7e]"></a>USB1_HOST_HDMICEC1_IRQHandler</STRONG> (Thumb, 0 bytes, Stack size 0 bytes, startup_s6e2cc.o(.text))
<BR>[Address Reference Count : 1]<UL><LI> startup_s6e2cc.o(RESET)
</UL>
<P><STRONG><a name="[3c]"></a>WC_IRQHandler</STRONG> (Thumb, 0 bytes, Stack size 0 bytes, startup_s6e2cc.o(.text))
<BR>[Address Reference Count : 1]<UL><LI> startup_s6e2cc.o(RESET)
</UL>
<P><STRONG><a name="[21]"></a>WFG0_DTIF0_IRQHandler</STRONG> (Thumb, 0 bytes, Stack size 0 bytes, startup_s6e2cc.o(.text))
<BR>[Address Reference Count : 1]<UL><LI> startup_s6e2cc.o(RESET)
</UL>
<P><STRONG><a name="[22]"></a>WFG1_DTIF1_IRQHandler</STRONG> (Thumb, 0 bytes, Stack size 0 bytes, startup_s6e2cc.o(.text))
<BR>[Address Reference Count : 1]<UL><LI> startup_s6e2cc.o(RESET)
</UL>
<P><STRONG><a name="[23]"></a>WFG2_DTIF2_IRQHandler</STRONG> (Thumb, 0 bytes, Stack size 0 bytes, startup_s6e2cc.o(.text))
<BR>[Address Reference Count : 1]<UL><LI> startup_s6e2cc.o(RESET)
</UL>
<P><STRONG><a name="[9f]"></a>__user_initial_stackheap</STRONG> (Thumb, 0 bytes, Stack size unknown bytes, startup_s6e2cc.o(.text))
<BR><BR>[Called By]<UL><LI><a href="#[94]">&gt;&gt;</a>&nbsp;&nbsp;&nbsp;__user_setup_stackheap
</UL>

<P><STRONG><a name="[c3]"></a>__use_two_region_memory</STRONG> (Thumb, 2 bytes, Stack size 0 bytes, heapauxi.o(.text), UNUSED)

<P><STRONG><a name="[c4]"></a>__rt_heap_escrow$2region</STRONG> (Thumb, 2 bytes, Stack size 0 bytes, heapauxi.o(.text), UNUSED)

<P><STRONG><a name="[c5]"></a>__rt_heap_expand$2region</STRONG> (Thumb, 2 bytes, Stack size 0 bytes, heapauxi.o(.text), UNUSED)

<P><STRONG><a name="[94]"></a>__user_setup_stackheap</STRONG> (Thumb, 74 bytes, Stack size 8 bytes, sys_stackheap_outer.o(.text))
<BR><BR>[Stack]<UL><LI>Max Depth = 8 + Unknown Stack Size
<LI>Call Chain = __user_setup_stackheap
</UL>
<BR>[Calls]<UL><LI><a href="#[9e]">&gt;&gt;</a>&nbsp;&nbsp;&nbsp;__user_perproc_libspace
<LI><a href="#[9f]">&gt;&gt;</a>&nbsp;&nbsp;&nbsp;__user_initial_stackheap
</UL>
<BR>[Called By]<UL><LI><a href="#[93]">&gt;&gt;</a>&nbsp;&nbsp;&nbsp;__rt_entry_sh
</UL>

<P><STRONG><a name="[99]"></a>exit</STRONG> (Thumb, 18 bytes, Stack size 8 bytes, exit.o(.text))
<BR><BR>[Stack]<UL><LI>Max Depth = 8 + Unknown Stack Size
<LI>Call Chain = exit
</UL>
<BR>[Calls]<UL><LI><a href="#[a0]">&gt;&gt;</a>&nbsp;&nbsp;&nbsp;__rt_exit
</UL>
<BR>[Called By]<UL><LI><a href="#[97]">&gt;&gt;</a>&nbsp;&nbsp;&nbsp;__rt_entry_main
</UL>

<P><STRONG><a name="[c6]"></a>__user_libspace</STRONG> (Thumb, 8 bytes, Stack size 0 bytes, libspace.o(.text), UNUSED)

<P><STRONG><a name="[9e]"></a>__user_perproc_libspace</STRONG> (Thumb, 0 bytes, Stack size 0 bytes, libspace.o(.text))
<BR><BR>[Called By]<UL><LI><a href="#[94]">&gt;&gt;</a>&nbsp;&nbsp;&nbsp;__user_setup_stackheap
</UL>

<P><STRONG><a name="[c7]"></a>__user_perthread_libspace</STRONG> (Thumb, 0 bytes, Stack size 0 bytes, libspace.o(.text), UNUSED)

<P><STRONG><a name="[9d]"></a>_sys_exit</STRONG> (Thumb, 8 bytes, Stack size 0 bytes, sys_exit.o(.text))
<BR><BR>[Called By]<UL><LI><a href="#[9c]">&gt;&gt;</a>&nbsp;&nbsp;&nbsp;__rt_exit_exit
</UL>

<P><STRONG><a name="[c8]"></a>__I$use$semihosting</STRONG> (Thumb, 0 bytes, Stack size 0 bytes, use_no_semi.o(.text), UNUSED)

<P><STRONG><a name="[c9]"></a>__use_no_semihosting_swi</STRONG> (Thumb, 2 bytes, Stack size 0 bytes, use_no_semi.o(.text), UNUSED)

<P><STRONG><a name="[ca]"></a>__semihosting_library_function</STRONG> (Thumb, 0 bytes, Stack size unknown bytes, indicate_semi.o(.text), UNUSED)

<P><STRONG><a name="[8b]"></a>SystemInit</STRONG> (Thumb, 60 bytes, Stack size 0 bytes, system_s6e2cc.o(i.SystemInit))
<BR>[Address Reference Count : 1]<UL><LI> startup_s6e2cc.o(.text)
</UL>
<P><STRONG><a name="[98]"></a>main</STRONG> (Thumb, 12 bytes, Stack size 0 bytes, main.o(i.main))
<BR><BR>[Called By]<UL><LI><a href="#[97]">&gt;&gt;</a>&nbsp;&nbsp;&nbsp;__rt_entry_main
</UL>

<P><STRONG><a name="[92]"></a>_fp_init</STRONG> (Thumb, 10 bytes, Stack size 0 bytes, fpinit.o(x$fpl$fpinit))
<BR><BR>[Called By]<UL><LI><a href="#[91]">&gt;&gt;</a>&nbsp;&nbsp;&nbsp;__rt_lib_init_fp_1
</UL>

<P><STRONG><a name="[cb]"></a>__fplib_config_fpu_vfp</STRONG> (Thumb, 0 bytes, Stack size unknown bytes, fpinit.o(x$fpl$fpinit), UNUSED)

<P><STRONG><a name="[cc]"></a>__fplib_config_pureend_doubles</STRONG> (Thumb, 0 bytes, Stack size unknown bytes, fpinit.o(x$fpl$fpinit), UNUSED)
<P>
<H3>
Local Symbols
</H3><P>
<H3>
Undefined Global Symbols
</H3><HR></body></html>
