Component: ARM Compiler 5.06 update 6 (build 750) Tool: armlink [4d35ed]

==============================================================================

Section Cross References

    uart_tx.o(.text) refers to strlen.o(.text) for strlen
    uart_tx.o(.text) refers to mfs_hl.o(.text) for Mfs_Hl_Write
    uart_tx.o(.text) refers to uart_tx.o(.bss) for au8UartTxBuf
    audio.o(.text) refers to gpio.o(.text) for gpio_set_mode
    audio.o(.text) refers to delay.o(.text) for delay_ms
    audio.o(.text) refers to i2c.o(.text) for i2c_write
    audio.o(.text) refers to i2s.o(.text) for i2s_init
    audio.o(.text) refers to dstc.o(.text) for dstc_init
    audio.o(.text) refers to audio.o(.data) for sreg
    delay.o(.text) refers to delay.o(.emb_text) for delay_cycles
    i2c.o(.text) refers to delay.o(.text) for delay_us
    i2s.o(.text) refers to i2s.o(.data) for i2s_callback
    dstc.o(.text) refers to dstc.o(.bss) for stcDES
    dstc.o(.text) refers to dstc.o(.data) for dma_callback
    mfs.o(.text) refers to mfs.o(.data) for m_astcMfsInstanceDataLut
    mfs_hl.o(.text) refers to mfs_hl.o(.data) for m_astcMfsHlInstanceDataLut
    mfs_hl.o(.text) refers to mfs.o(.text) for Mfs_GetReloadValue
    mfs_hl.o(.text) refers to pdl.o(.text) for PDL_WAIT_LOOP_HOOK
    startup_s6e2cc.o(STACK) refers (Special) to heapauxi.o(.text) for __use_two_region_memory
    startup_s6e2cc.o(HEAP) refers (Special) to heapauxi.o(.text) for __use_two_region_memory
    startup_s6e2cc.o(RESET) refers (Special) to heapauxi.o(.text) for __use_two_region_memory
    startup_s6e2cc.o(RESET) refers to startup_s6e2cc.o(STACK) for __initial_sp
    startup_s6e2cc.o(RESET) refers to startup_s6e2cc.o(.text) for Reset_Handler
    startup_s6e2cc.o(RESET) refers to dstc.o(.text) for DSTC_COMP_IRQHandler
    startup_s6e2cc.o(RESET) refers to i2s.o(.text) for PRGCRC_I2S_IRQHandler
    startup_s6e2cc.o(.text) refers (Special) to heapauxi.o(.text) for __use_two_region_memory
    startup_s6e2cc.o(.text) refers to system_s6e2cc.o(.text) for SystemInit
    startup_s6e2cc.o(.text) refers to __main.o(!!!main) for __main
    startup_s6e2cc.o(.text) refers to startup_s6e2cc.o(HEAP) for Heap_Mem
    startup_s6e2cc.o(.text) refers to startup_s6e2cc.o(STACK) for Stack_Mem
    system_s6e2cc.o(.text) refers to system_s6e2cc.o(.data) for SystemCoreClock
    __main.o(!!!main) refers to __rtentry.o(.ARM.Collect$$rtentry$$00000000) for __rt_entry
    __rtentry.o(.ARM.Collect$$rtentry$$00000000) refers (Special) to __rtentry2.o(.ARM.Collect$$rtentry$$0000000A) for __rt_entry_li
    __rtentry.o(.ARM.Collect$$rtentry$$00000000) refers (Special) to __rtentry2.o(.ARM.Collect$$rtentry$$0000000D) for __rt_entry_main
    __rtentry.o(.ARM.Collect$$rtentry$$00000000) refers (Special) to __rtentry2.o(.ARM.Collect$$rtentry$$0000000C) for __rt_entry_postli_1
    __rtentry.o(.ARM.Collect$$rtentry$$00000000) refers (Special) to __rtentry2.o(.ARM.Collect$$rtentry$$00000009) for __rt_entry_postsh_1
    __rtentry.o(.ARM.Collect$$rtentry$$00000000) refers (Special) to __rtentry2.o(.ARM.Collect$$rtentry$$00000002) for __rt_entry_presh_1
    __rtentry.o(.ARM.Collect$$rtentry$$00000000) refers (Special) to __rtentry4.o(.ARM.Collect$$rtentry$$00000004) for __rt_entry_sh
    __rtentry2.o(.ARM.Collect$$rtentry$$00000008) refers to boardinit2.o(.text) for _platform_post_stackheap_init
    __rtentry2.o(.ARM.Collect$$rtentry$$0000000A) refers to libinit.o(.ARM.Collect$$libinit$$00000000) for __rt_lib_init
    __rtentry2.o(.ARM.Collect$$rtentry$$0000000B) refers to boardinit3.o(.text) for _platform_post_lib_init
    __rtentry2.o(.ARM.Collect$$rtentry$$0000000D) refers to uart_tx.o(.text) for main
    __rtentry2.o(.ARM.Collect$$rtentry$$0000000D) refers to exit.o(.text) for exit
    __rtentry2.o(.ARM.exidx) refers to __rtentry2.o(.ARM.Collect$$rtentry$$00000001) for .ARM.Collect$$rtentry$$00000001
    __rtentry2.o(.ARM.exidx) refers to __rtentry2.o(.ARM.Collect$$rtentry$$00000008) for .ARM.Collect$$rtentry$$00000008
    __rtentry2.o(.ARM.exidx) refers to __rtentry2.o(.ARM.Collect$$rtentry$$0000000A) for .ARM.Collect$$rtentry$$0000000A
    __rtentry2.o(.ARM.exidx) refers to __rtentry2.o(.ARM.Collect$$rtentry$$0000000B) for .ARM.Collect$$rtentry$$0000000B
    __rtentry2.o(.ARM.exidx) refers to __rtentry2.o(.ARM.Collect$$rtentry$$0000000D) for .ARM.Collect$$rtentry$$0000000D
    __rtentry4.o(.ARM.Collect$$rtentry$$00000004) refers to sys_stackheap_outer.o(.text) for __user_setup_stackheap
    __rtentry4.o(.ARM.exidx) refers to __rtentry4.o(.ARM.Collect$$rtentry$$00000004) for .ARM.Collect$$rtentry$$00000004
    sys_stackheap_outer.o(.text) refers to libspace.o(.text) for __user_perproc_libspace
    sys_stackheap_outer.o(.text) refers to startup_s6e2cc.o(.text) for __user_initial_stackheap
    exit.o(.text) refers to rtexit.o(.ARM.Collect$$rtexit$$00000000) for __rt_exit
    libinit.o(.ARM.Collect$$libinit$$00000000) refers (Special) to libinit2.o(.ARM.Collect$$libinit$$0000002E) for __rt_lib_init_alloca_1
    libinit.o(.ARM.Collect$$libinit$$00000000) refers (Special) to libinit2.o(.ARM.Collect$$libinit$$0000002C) for __rt_lib_init_argv_1
    libinit.o(.ARM.Collect$$libinit$$00000000) refers (Special) to libinit2.o(.ARM.Collect$$libinit$$0000001B) for __rt_lib_init_atexit_1
    libinit.o(.ARM.Collect$$libinit$$00000000) refers (Special) to libinit2.o(.ARM.Collect$$libinit$$00000021) for __rt_lib_init_clock_1
    libinit.o(.ARM.Collect$$libinit$$00000000) refers (Special) to libinit2.o(.ARM.Collect$$libinit$$00000032) for __rt_lib_init_cpp_1
    libinit.o(.ARM.Collect$$libinit$$00000000) refers (Special) to libinit2.o(.ARM.Collect$$libinit$$00000030) for __rt_lib_init_exceptions_1
    libinit.o(.ARM.Collect$$libinit$$00000000) refers (Special) to libinit2.o(.ARM.Collect$$libinit$$00000001) for __rt_lib_init_fp_1
    libinit.o(.ARM.Collect$$libinit$$00000000) refers (Special) to libinit2.o(.ARM.Collect$$libinit$$0000001F) for __rt_lib_init_fp_trap_1
    libinit.o(.ARM.Collect$$libinit$$00000000) refers (Special) to libinit2.o(.ARM.Collect$$libinit$$00000023) for __rt_lib_init_getenv_1
    libinit.o(.ARM.Collect$$libinit$$00000000) refers (Special) to libinit2.o(.ARM.Collect$$libinit$$0000000A) for __rt_lib_init_heap_1
    libinit.o(.ARM.Collect$$libinit$$00000000) refers (Special) to libinit2.o(.ARM.Collect$$libinit$$00000011) for __rt_lib_init_lc_collate_1
    libinit.o(.ARM.Collect$$libinit$$00000000) refers (Special) to libinit2.o(.ARM.Collect$$libinit$$00000013) for __rt_lib_init_lc_ctype_1
    libinit.o(.ARM.Collect$$libinit$$00000000) refers (Special) to libinit2.o(.ARM.Collect$$libinit$$00000015) for __rt_lib_init_lc_monetary_1
    libinit.o(.ARM.Collect$$libinit$$00000000) refers (Special) to libinit2.o(.ARM.Collect$$libinit$$00000017) for __rt_lib_init_lc_numeric_1
    libinit.o(.ARM.Collect$$libinit$$00000000) refers (Special) to libinit2.o(.ARM.Collect$$libinit$$00000019) for __rt_lib_init_lc_time_1
    libinit.o(.ARM.Collect$$libinit$$00000000) refers (Special) to libinit2.o(.ARM.Collect$$libinit$$00000004) for __rt_lib_init_preinit_1
    libinit.o(.ARM.Collect$$libinit$$00000000) refers (Special) to libinit2.o(.ARM.Collect$$libinit$$0000000E) for __rt_lib_init_rand_1
    libinit.o(.ARM.Collect$$libinit$$00000000) refers (Special) to libinit2.o(.ARM.Collect$$libinit$$00000033) for __rt_lib_init_return
    libinit.o(.ARM.Collect$$libinit$$00000000) refers (Special) to libinit2.o(.ARM.Collect$$libinit$$0000001D) for __rt_lib_init_signal_1
    libinit.o(.ARM.Collect$$libinit$$00000000) refers (Special) to libinit2.o(.ARM.Collect$$libinit$$00000025) for __rt_lib_init_stdio_1
    libinit.o(.ARM.Collect$$libinit$$00000000) refers (Special) to libinit2.o(.ARM.Collect$$libinit$$0000000C) for __rt_lib_init_user_alloc_1
    libspace.o(.text) refers to libspace.o(.bss) for __libspace_start
    rtexit.o(.ARM.Collect$$rtexit$$00000000) refers (Special) to rtexit2.o(.ARM.Collect$$rtexit$$00000004) for __rt_exit_exit
    rtexit.o(.ARM.Collect$$rtexit$$00000000) refers (Special) to rtexit2.o(.ARM.Collect$$rtexit$$00000003) for __rt_exit_ls
    rtexit.o(.ARM.Collect$$rtexit$$00000000) refers (Special) to rtexit2.o(.ARM.Collect$$rtexit$$00000002) for __rt_exit_prels_1
    rtexit.o(.ARM.exidx) refers (Special) to rtexit2.o(.ARM.Collect$$rtexit$$00000004) for __rt_exit_exit
    rtexit.o(.ARM.exidx) refers (Special) to rtexit2.o(.ARM.Collect$$rtexit$$00000003) for __rt_exit_ls
    rtexit.o(.ARM.exidx) refers (Special) to rtexit2.o(.ARM.Collect$$rtexit$$00000002) for __rt_exit_prels_1
    rtexit.o(.ARM.exidx) refers to rtexit.o(.ARM.Collect$$rtexit$$00000000) for .ARM.Collect$$rtexit$$00000000
    libinit2.o(.ARM.Collect$$libinit$$00000001) refers to fpinit.o(x$fpl$fpinit) for _fp_init
    libinit2.o(.ARM.Collect$$libinit$$00000010) refers to libinit2.o(.ARM.Collect$$libinit$$0000000F) for .ARM.Collect$$libinit$$0000000F
    libinit2.o(.ARM.Collect$$libinit$$00000012) refers to libinit2.o(.ARM.Collect$$libinit$$0000000F) for .ARM.Collect$$libinit$$0000000F
    libinit2.o(.ARM.Collect$$libinit$$00000014) refers to libinit2.o(.ARM.Collect$$libinit$$0000000F) for .ARM.Collect$$libinit$$0000000F
    libinit2.o(.ARM.Collect$$libinit$$00000016) refers to libinit2.o(.ARM.Collect$$libinit$$0000000F) for .ARM.Collect$$libinit$$0000000F
    libinit2.o(.ARM.Collect$$libinit$$00000018) refers to libinit2.o(.ARM.Collect$$libinit$$0000000F) for .ARM.Collect$$libinit$$0000000F
    libinit2.o(.ARM.Collect$$libinit$$00000026) refers to argv_veneer.o(.emb_text) for __ARM_argv_veneer
    libinit2.o(.ARM.Collect$$libinit$$00000027) refers to argv_veneer.o(.emb_text) for __ARM_argv_veneer
    rtexit2.o(.ARM.Collect$$rtexit$$00000003) refers to libshutdown.o(.ARM.Collect$$libshutdown$$00000000) for __rt_lib_shutdown
    rtexit2.o(.ARM.Collect$$rtexit$$00000004) refers to sys_exit.o(.text) for _sys_exit
    rtexit2.o(.ARM.exidx) refers to rtexit2.o(.ARM.Collect$$rtexit$$00000001) for .ARM.Collect$$rtexit$$00000001
    rtexit2.o(.ARM.exidx) refers to rtexit2.o(.ARM.Collect$$rtexit$$00000003) for .ARM.Collect$$rtexit$$00000003
    rtexit2.o(.ARM.exidx) refers to rtexit2.o(.ARM.Collect$$rtexit$$00000004) for .ARM.Collect$$rtexit$$00000004
    argv_veneer.o(.emb_text) refers to no_argv.o(.text) for __ARM_get_argv
    sys_exit.o(.text) refers (Special) to use_no_semi.o(.text) for __I$use$semihosting
    sys_exit.o(.text) refers (Special) to indicate_semi.o(.text) for __semihosting_library_function
    _get_argv_nomalloc.o(.text) refers (Special) to hrguard.o(.text) for __heap_region$guard
    _get_argv_nomalloc.o(.text) refers to defsig_rtmem_outer.o(.text) for __rt_SIGRTMEM
    _get_argv_nomalloc.o(.text) refers to sys_command.o(.text) for _sys_command_string
    libshutdown.o(.ARM.Collect$$libshutdown$$00000000) refers (Special) to libshutdown2.o(.ARM.Collect$$libshutdown$$00000002) for __rt_lib_shutdown_cpp_1
    libshutdown.o(.ARM.Collect$$libshutdown$$00000000) refers (Special) to libshutdown2.o(.ARM.Collect$$libshutdown$$00000007) for __rt_lib_shutdown_fp_trap_1
    libshutdown.o(.ARM.Collect$$libshutdown$$00000000) refers (Special) to libshutdown2.o(.ARM.Collect$$libshutdown$$0000000F) for __rt_lib_shutdown_heap_1
    libshutdown.o(.ARM.Collect$$libshutdown$$00000000) refers (Special) to libshutdown2.o(.ARM.Collect$$libshutdown$$00000010) for __rt_lib_shutdown_return
    libshutdown.o(.ARM.Collect$$libshutdown$$00000000) refers (Special) to libshutdown2.o(.ARM.Collect$$libshutdown$$0000000A) for __rt_lib_shutdown_signal_1
    libshutdown.o(.ARM.Collect$$libshutdown$$00000000) refers (Special) to libshutdown2.o(.ARM.Collect$$libshutdown$$00000004) for __rt_lib_shutdown_stdio_1
    libshutdown.o(.ARM.Collect$$libshutdown$$00000000) refers (Special) to libshutdown2.o(.ARM.Collect$$libshutdown$$0000000C) for __rt_lib_shutdown_user_alloc_1
    sys_command.o(.text) refers (Special) to use_no_semi.o(.text) for __I$use$semihosting
    sys_command.o(.text) refers (Special) to indicate_semi.o(.text) for __semihosting_library_function
    defsig_rtmem_outer.o(.text) refers to defsig_rtmem_inner.o(.text) for __rt_SIGRTMEM_inner
    defsig_rtmem_outer.o(.text) refers to defsig_exit.o(.text) for __sig_exit
    defsig_rtmem_formal.o(.text) refers to rt_raise.o(.text) for __rt_raise
    rt_raise.o(.text) refers to __raise.o(.text) for __raise
    rt_raise.o(.text) refers to sys_exit.o(.text) for _sys_exit
    defsig_exit.o(.text) refers to sys_exit.o(.text) for _sys_exit
    defsig_rtmem_inner.o(.text) refers to defsig_general.o(.text) for __default_signal_display
    __raise.o(.text) refers to defsig.o(CL$$defsig) for __default_signal_handler
    defsig_general.o(.text) refers to sys_wrch.o(.text) for _ttywrch
    sys_wrch.o(.text) refers (Special) to use_no_semi.o(.text) for __I$use$semihosting
    sys_wrch.o(.text) refers (Special) to indicate_semi.o(.text) for __semihosting_library_function
    defsig.o(CL$$defsig) refers to defsig_rtmem_inner.o(.text) for __rt_SIGRTMEM_inner
    defsig_abrt_inner.o(.text) refers to defsig_general.o(.text) for __default_signal_display
    defsig_fpe_inner.o(.text) refers to defsig_general.o(.text) for __default_signal_display
    defsig_rtred_inner.o(.text) refers to defsig_general.o(.text) for __default_signal_display
    defsig_stak_inner.o(.text) refers to defsig_general.o(.text) for __default_signal_display
    defsig_pvfn_inner.o(.text) refers to defsig_general.o(.text) for __default_signal_display
    defsig_cppl_inner.o(.text) refers to defsig_general.o(.text) for __default_signal_display
    defsig_segv_inner.o(.text) refers to defsig_general.o(.text) for __default_signal_display
    defsig_other.o(.text) refers to defsig_general.o(.text) for __default_signal_display


==============================================================================

Removing Unused input sections from the image.

    Removing uart_tx.o(.rev16_text), (4 bytes).
    Removing uart_tx.o(.revsh_text), (4 bytes).
    Removing uart_tx.o(.rrx_text), (6 bytes).
    Removing audio.o(.rev16_text), (4 bytes).
    Removing audio.o(.revsh_text), (4 bytes).
    Removing audio.o(.rrx_text), (6 bytes).
    Removing audio.o(.text), (468 bytes).
    Removing audio.o(.bss), (2048 bytes).
    Removing audio.o(.data), (30 bytes).
    Removing delay.o(.emb_text), (10 bytes).
    Removing delay.o(.text), (88 bytes).
    Removing gpio.o(.rev16_text), (4 bytes).
    Removing gpio.o(.revsh_text), (4 bytes).
    Removing gpio.o(.rrx_text), (6 bytes).
    Removing gpio.o(.text), (516 bytes).
    Removing i2c.o(.rev16_text), (4 bytes).
    Removing i2c.o(.revsh_text), (4 bytes).
    Removing i2c.o(.rrx_text), (6 bytes).
    Removing i2c.o(.text), (352 bytes).
    Removing i2s.o(.rev16_text), (4 bytes).
    Removing i2s.o(.revsh_text), (4 bytes).
    Removing i2s.o(.rrx_text), (6 bytes).
    Removing i2s.o(.bss), (2048 bytes).
    Removing dstc.o(.rev16_text), (4 bytes).
    Removing dstc.o(.revsh_text), (4 bytes).
    Removing dstc.o(.rrx_text), (6 bytes).
    Removing mfs.o(.rev16_text), (4 bytes).
    Removing mfs.o(.revsh_text), (4 bytes).
    Removing mfs.o(.rrx_text), (6 bytes).
    Removing mfs_hl.o(.rev16_text), (4 bytes).
    Removing mfs_hl.o(.revsh_text), (4 bytes).
    Removing mfs_hl.o(.rrx_text), (6 bytes).
    Removing pdl.o(.rev16_text), (4 bytes).
    Removing pdl.o(.revsh_text), (4 bytes).
    Removing pdl.o(.rrx_text), (6 bytes).
    Removing system_s6e2cc.o(.rev16_text), (4 bytes).
    Removing system_s6e2cc.o(.revsh_text), (4 bytes).
    Removing system_s6e2cc.o(.rrx_text), (6 bytes).

38 unused section(s) (total 5700 bytes) removed from the image.

==============================================================================

Image Symbol Table

    Local Symbols

    Symbol Name                              Value     Ov Type        Size  Object(Section)

    RESET                                    0x00000000   Section      576  startup_s6e2cc.o(RESET)
    ../clib/angel/boardlib.s                 0x00000000   Number         0  boardinit1.o ABSOLUTE
    ../clib/angel/boardlib.s                 0x00000000   Number         0  boardinit2.o ABSOLUTE
    ../clib/angel/boardlib.s                 0x00000000   Number         0  boardinit3.o ABSOLUTE
    ../clib/angel/boardlib.s                 0x00000000   Number         0  boardshut.o ABSOLUTE
    ../clib/angel/handlers.s                 0x00000000   Number         0  __scatter_zi.o ABSOLUTE
    ../clib/angel/handlers.s                 0x00000000   Number         0  __scatter_copy.o ABSOLUTE
    ../clib/angel/kernel.s                   0x00000000   Number         0  __rtentry.o ABSOLUTE
    ../clib/angel/kernel.s                   0x00000000   Number         0  rtexit2.o ABSOLUTE
    ../clib/angel/kernel.s                   0x00000000   Number         0  __rtentry2.o ABSOLUTE
    ../clib/angel/kernel.s                   0x00000000   Number         0  rtexit.o ABSOLUTE
    ../clib/angel/kernel.s                   0x00000000   Number         0  __rtentry4.o ABSOLUTE
    ../clib/angel/rt.s                       0x00000000   Number         0  rt_raise.o ABSOLUTE
    ../clib/angel/scatter.s                  0x00000000   Number         0  __scatter.o ABSOLUTE
    ../clib/angel/startup.s                  0x00000000   Number         0  __main.o ABSOLUTE
    ../clib/angel/sys.s                      0x00000000   Number         0  use_no_semi.o ABSOLUTE
    ../clib/angel/sys.s                      0x00000000   Number         0  indicate_semi.o ABSOLUTE
    ../clib/angel/sys.s                      0x00000000   Number         0  libspace.o ABSOLUTE
    ../clib/angel/sys.s                      0x00000000   Number         0  sys_stackheap_outer.o ABSOLUTE
    ../clib/angel/sysapp.c                   0x00000000   Number         0  sys_command.o ABSOLUTE
    ../clib/angel/sysapp.c                   0x00000000   Number         0  sys_wrch.o ABSOLUTE
    ../clib/angel/sysapp.c                   0x00000000   Number         0  sys_exit.o ABSOLUTE
    ../clib/armsys.c                         0x00000000   Number         0  no_argv.o ABSOLUTE
    ../clib/armsys.c                         0x00000000   Number         0  argv_veneer.o ABSOLUTE
    ../clib/armsys.c                         0x00000000   Number         0  argv_veneer.o ABSOLUTE
    ../clib/armsys.c                         0x00000000   Number         0  _get_argv_nomalloc.o ABSOLUTE
    ../clib/heapalloc.c                      0x00000000   Number         0  hrguard.o ABSOLUTE
    ../clib/heapaux.c                        0x00000000   Number         0  heapauxi.o ABSOLUTE
    ../clib/libinit.s                        0x00000000   Number         0  libshutdown2.o ABSOLUTE
    ../clib/libinit.s                        0x00000000   Number         0  libinit2.o ABSOLUTE
    ../clib/libinit.s                        0x00000000   Number         0  libshutdown.o ABSOLUTE
    ../clib/libinit.s                        0x00000000   Number         0  libinit.o ABSOLUTE
    ../clib/signal.c                         0x00000000   Number         0  defsig_fpe_inner.o ABSOLUTE
    ../clib/signal.c                         0x00000000   Number         0  defsig_rtmem_formal.o ABSOLUTE
    ../clib/signal.c                         0x00000000   Number         0  defsig_stak_inner.o ABSOLUTE
    ../clib/signal.c                         0x00000000   Number         0  defsig_abrt_inner.o ABSOLUTE
    ../clib/signal.c                         0x00000000   Number         0  defsig_exit.o ABSOLUTE
    ../clib/signal.c                         0x00000000   Number         0  defsig_rtmem_inner.o ABSOLUTE
    ../clib/signal.c                         0x00000000   Number         0  __raise.o ABSOLUTE
    ../clib/signal.c                         0x00000000   Number         0  defsig_rtred_inner.o ABSOLUTE
    ../clib/signal.c                         0x00000000   Number         0  defsig_rtmem_outer.o ABSOLUTE
    ../clib/signal.c                         0x00000000   Number         0  defsig_cppl_inner.o ABSOLUTE
    ../clib/signal.c                         0x00000000   Number         0  defsig_segv_inner.o ABSOLUTE
    ../clib/signal.c                         0x00000000   Number         0  defsig_other.o ABSOLUTE
    ../clib/signal.c                         0x00000000   Number         0  defsig_general.o ABSOLUTE
    ../clib/signal.c                         0x00000000   Number         0  defsig_pvfn_inner.o ABSOLUTE
    ../clib/signal.s                         0x00000000   Number         0  defsig.o ABSOLUTE
    ../clib/stdlib.c                         0x00000000   Number         0  exit.o ABSOLUTE
    ../clib/string.c                         0x00000000   Number         0  strlen.o ABSOLUTE
    ../fplib/fpinit.s                        0x00000000   Number         0  fpinit.o ABSOLUTE
    RTE\Device\S6E2CCAJ0A\startup_s6e2cc.s   0x00000000   Number         0  startup_s6e2cc.o ABSOLUTE
    RTE\Device\S6E2CCAJ0A\system_s6e2cc.c    0x00000000   Number         0  system_s6e2cc.o ABSOLUTE
    RTE\\Device\\S6E2CCAJ0A\\system_s6e2cc.c 0x00000000   Number         0  system_s6e2cc.o ABSOLUTE
    dc.s                                     0x00000000   Number         0  dc.o ABSOLUTE
    drivers\\audio.c                         0x00000000   Number         0  audio.o ABSOLUTE
    drivers\\delay.c                         0x00000000   Number         0  delay.o ABSOLUTE
    drivers\\dstc.c                          0x00000000   Number         0  dstc.o ABSOLUTE
    drivers\\gpio.c                          0x00000000   Number         0  gpio.o ABSOLUTE
    drivers\\i2c.c                           0x00000000   Number         0  i2c.o ABSOLUTE
    drivers\\i2s.c                           0x00000000   Number         0  i2s.o ABSOLUTE
    drivers\\mfs.c                           0x00000000   Number         0  mfs.o ABSOLUTE
    drivers\\mfs_hl.c                        0x00000000   Number         0  mfs_hl.o ABSOLUTE
    drivers\\pdl.c                           0x00000000   Number         0  pdl.o ABSOLUTE
    drivers\audio.c                          0x00000000   Number         0  audio.o ABSOLUTE
    drivers\delay.c                          0x00000000   Number         0  delay.o ABSOLUTE
    drivers\dstc.c                           0x00000000   Number         0  dstc.o ABSOLUTE
    drivers\gpio.c                           0x00000000   Number         0  gpio.o ABSOLUTE
    drivers\i2c.c                            0x00000000   Number         0  i2c.o ABSOLUTE
    drivers\i2s.c                            0x00000000   Number         0  i2s.o ABSOLUTE
    drivers\mfs.c                            0x00000000   Number         0  mfs.o ABSOLUTE
    drivers\mfs_hl.c                         0x00000000   Number         0  mfs_hl.o ABSOLUTE
    drivers\pdl.c                            0x00000000   Number         0  pdl.o ABSOLUTE
    src\Uart_tx.c                            0x00000000   Number         0  uart_tx.o ABSOLUTE
    src\\Uart_tx.c                           0x00000000   Number         0  uart_tx.o ABSOLUTE
    !!!main                                  0x00000240   Section        8  __main.o(!!!main)
    !!!scatter                               0x00000248   Section       52  __scatter.o(!!!scatter)
    !!handler_copy                           0x0000027c   Section       26  __scatter_copy.o(!!handler_copy)
    !!handler_zi                             0x00000298   Section       28  __scatter_zi.o(!!handler_zi)
    .ARM.Collect$$libinit$$00000000          0x000002b4   Section        2  libinit.o(.ARM.Collect$$libinit$$00000000)
    .ARM.Collect$$libinit$$00000001          0x000002b6   Section        4  libinit2.o(.ARM.Collect$$libinit$$00000001)
    .ARM.Collect$$libinit$$00000004          0x000002ba   Section        0  libinit2.o(.ARM.Collect$$libinit$$00000004)
    .ARM.Collect$$libinit$$0000000A          0x000002ba   Section        0  libinit2.o(.ARM.Collect$$libinit$$0000000A)
    .ARM.Collect$$libinit$$0000000C          0x000002ba   Section        0  libinit2.o(.ARM.Collect$$libinit$$0000000C)
    .ARM.Collect$$libinit$$0000000E          0x000002ba   Section        0  libinit2.o(.ARM.Collect$$libinit$$0000000E)
    .ARM.Collect$$libinit$$00000011          0x000002ba   Section        0  libinit2.o(.ARM.Collect$$libinit$$00000011)
    .ARM.Collect$$libinit$$00000013          0x000002ba   Section        0  libinit2.o(.ARM.Collect$$libinit$$00000013)
    .ARM.Collect$$libinit$$00000015          0x000002ba   Section        0  libinit2.o(.ARM.Collect$$libinit$$00000015)
    .ARM.Collect$$libinit$$00000017          0x000002ba   Section        0  libinit2.o(.ARM.Collect$$libinit$$00000017)
    .ARM.Collect$$libinit$$00000019          0x000002ba   Section        0  libinit2.o(.ARM.Collect$$libinit$$00000019)
    .ARM.Collect$$libinit$$0000001B          0x000002ba   Section        0  libinit2.o(.ARM.Collect$$libinit$$0000001B)
    .ARM.Collect$$libinit$$0000001D          0x000002ba   Section        0  libinit2.o(.ARM.Collect$$libinit$$0000001D)
    .ARM.Collect$$libinit$$0000001F          0x000002ba   Section        0  libinit2.o(.ARM.Collect$$libinit$$0000001F)
    .ARM.Collect$$libinit$$00000021          0x000002ba   Section        0  libinit2.o(.ARM.Collect$$libinit$$00000021)
    .ARM.Collect$$libinit$$00000023          0x000002ba   Section        0  libinit2.o(.ARM.Collect$$libinit$$00000023)
    .ARM.Collect$$libinit$$00000025          0x000002ba   Section        0  libinit2.o(.ARM.Collect$$libinit$$00000025)
    .ARM.Collect$$libinit$$0000002C          0x000002ba   Section        0  libinit2.o(.ARM.Collect$$libinit$$0000002C)
    .ARM.Collect$$libinit$$0000002E          0x000002ba   Section        0  libinit2.o(.ARM.Collect$$libinit$$0000002E)
    .ARM.Collect$$libinit$$00000030          0x000002ba   Section        0  libinit2.o(.ARM.Collect$$libinit$$00000030)
    .ARM.Collect$$libinit$$00000032          0x000002ba   Section        0  libinit2.o(.ARM.Collect$$libinit$$00000032)
    .ARM.Collect$$libinit$$00000033          0x000002ba   Section        2  libinit2.o(.ARM.Collect$$libinit$$00000033)
    .ARM.Collect$$libshutdown$$00000000      0x000002bc   Section        2  libshutdown.o(.ARM.Collect$$libshutdown$$00000000)
    .ARM.Collect$$libshutdown$$00000002      0x000002be   Section        0  libshutdown2.o(.ARM.Collect$$libshutdown$$00000002)
    .ARM.Collect$$libshutdown$$00000004      0x000002be   Section        0  libshutdown2.o(.ARM.Collect$$libshutdown$$00000004)
    .ARM.Collect$$libshutdown$$00000007      0x000002be   Section        0  libshutdown2.o(.ARM.Collect$$libshutdown$$00000007)
    .ARM.Collect$$libshutdown$$0000000A      0x000002be   Section        0  libshutdown2.o(.ARM.Collect$$libshutdown$$0000000A)
    .ARM.Collect$$libshutdown$$0000000C      0x000002be   Section        0  libshutdown2.o(.ARM.Collect$$libshutdown$$0000000C)
    .ARM.Collect$$libshutdown$$0000000F      0x000002be   Section        0  libshutdown2.o(.ARM.Collect$$libshutdown$$0000000F)
    .ARM.Collect$$libshutdown$$00000010      0x000002be   Section        2  libshutdown2.o(.ARM.Collect$$libshutdown$$00000010)
    .ARM.Collect$$rtentry$$00000000          0x000002c0   Section        0  __rtentry.o(.ARM.Collect$$rtentry$$00000000)
    .ARM.Collect$$rtentry$$00000002          0x000002c0   Section        0  __rtentry2.o(.ARM.Collect$$rtentry$$00000002)
    .ARM.Collect$$rtentry$$00000004          0x000002c0   Section        6  __rtentry4.o(.ARM.Collect$$rtentry$$00000004)
    .ARM.Collect$$rtentry$$00000009          0x000002c6   Section        0  __rtentry2.o(.ARM.Collect$$rtentry$$00000009)
    .ARM.Collect$$rtentry$$0000000A          0x000002c6   Section        4  __rtentry2.o(.ARM.Collect$$rtentry$$0000000A)
    .ARM.Collect$$rtentry$$0000000C          0x000002ca   Section        0  __rtentry2.o(.ARM.Collect$$rtentry$$0000000C)
    .ARM.Collect$$rtentry$$0000000D          0x000002ca   Section        8  __rtentry2.o(.ARM.Collect$$rtentry$$0000000D)
    .ARM.Collect$$rtexit$$00000000           0x000002d2   Section        2  rtexit.o(.ARM.Collect$$rtexit$$00000000)
    .ARM.Collect$$rtexit$$00000002           0x000002d4   Section        0  rtexit2.o(.ARM.Collect$$rtexit$$00000002)
    .ARM.Collect$$rtexit$$00000003           0x000002d4   Section        4  rtexit2.o(.ARM.Collect$$rtexit$$00000003)
    .ARM.Collect$$rtexit$$00000004           0x000002d8   Section        6  rtexit2.o(.ARM.Collect$$rtexit$$00000004)
    .text                                    0x000002e0   Section        0  uart_tx.o(.text)
    .text                                    0x00000414   Section        0  i2s.o(.text)
    __NVIC_ClearPendingIRQ                   0x000007a5   Thumb Code    22  i2s.o(.text)
    .text                                    0x000007ec   Section        0  dstc.o(.text)
    __NVIC_ClearPendingIRQ                   0x00000ba7   Thumb Code    22  dstc.o(.text)
    .text                                    0x00000bec   Section        0  mfs.o(.text)
    __NVIC_DisableIRQ                        0x00000bed   Thumb Code    54  mfs.o(.text)
    __NVIC_SetPriority                       0x00000c23   Thumb Code    32  mfs.o(.text)
    MfsGetInternDataPtr                      0x00000c43   Thumb Code    48  mfs.o(.text)
    __NVIC_EnableIRQ                         0x00000ea7   Thumb Code    26  mfs.o(.text)
    __NVIC_ClearPendingIRQ                   0x00000ec1   Thumb Code    22  mfs.o(.text)
    .text                                    0x00000efc   Section        0  mfs_hl.o(.text)
    MfsHlGetInternDataPtr                    0x00000efd   Thumb Code    48  mfs_hl.o(.text)
    MfsHlGetMin                              0x00000f2d   Thumb Code    12  mfs_hl.o(.text)
    MfsHlWriteBuf                            0x00000f39   Thumb Code   184  mfs_hl.o(.text)
    MfsHlIrqHandlerTx                        0x00000ff1   Thumb Code   176  mfs_hl.o(.text)
    MfsHlReadBuf                             0x000010a1   Thumb Code   254  mfs_hl.o(.text)
    MfsHlIrqHandlerRx                        0x0000119f   Thumb Code   126  mfs_hl.o(.text)
    MfsHlIrqHandlerSts                       0x0000121d   Thumb Code    58  mfs_hl.o(.text)
    MfsHlFifoUseInit                         0x00001257   Thumb Code   388  mfs_hl.o(.text)
    MfsHlI2cDataTxMaster                     0x000013db   Thumb Code  1374  mfs_hl.o(.text)
    MfsHlI2cDataRxMaster                     0x00001939   Thumb Code   842  mfs_hl.o(.text)
    MfsHlI2cPreStartSlave                    0x00001c83   Thumb Code   494  mfs_hl.o(.text)
    MfsHlI2cDataRxSlave                      0x00001e71   Thumb Code   932  mfs_hl.o(.text)
    MfsHlI2cDataTxSlave                      0x00002215   Thumb Code  1764  mfs_hl.o(.text)
    MfsHlI2cIrqHandlerTx                     0x000028f9   Thumb Code    36  mfs_hl.o(.text)
    MfsHlI2cIrqHandlerRx                     0x0000291d   Thumb Code    52  mfs_hl.o(.text)
    MfsHlI2cIrqHandlerSts                    0x00002951   Thumb Code    90  mfs_hl.o(.text)
    MfsHlI2cStartSlave                       0x00003d7d   Thumb Code   704  mfs_hl.o(.text)
    MfsHlI2cWaitIntState                     0x0000403d   Thumb Code    56  mfs_hl.o(.text)
    MfsHlI2cChkTxRxComplete                  0x00004075   Thumb Code    36  mfs_hl.o(.text)
    .text                                    0x00004a00   Section        0  pdl.o(.text)
    .text                                    0x00004a14   Section       76  startup_s6e2cc.o(.text)
    $v0                                      0x00004a14   Number         0  startup_s6e2cc.o(.text)
    .text                                    0x00004a60   Section        0  system_s6e2cc.o(.text)
    .text                                    0x00004c04   Section        0  strlen.o(.text)
    .text                                    0x00004c42   Section        0  heapauxi.o(.text)
    .text                                    0x00004c48   Section       74  sys_stackheap_outer.o(.text)
    .text                                    0x00004c92   Section        0  exit.o(.text)
    .text                                    0x00004ca4   Section        8  libspace.o(.text)
    .text                                    0x00004cac   Section        0  sys_exit.o(.text)
    .text                                    0x00004cb8   Section        2  use_no_semi.o(.text)
    .text                                    0x00004cba   Section        0  indicate_semi.o(.text)
    x$fpl$fpinit                             0x00004cba   Section       10  fpinit.o(x$fpl$fpinit)
    $v0                                      0x00004cba   Number         0  fpinit.o(x$fpl$fpinit)
    .data                                    0x1ffd0000   Section       28  i2s.o(.data)
    audio_IN                                 0x1ffd0000   Data           4  i2s.o(.data)
    audio_OUT                                0x1ffd0004   Data           4  i2s.o(.data)
    rx_proc_buffer                           0x1ffd0008   Data           4  i2s.o(.data)
    tx_proc_buffer                           0x1ffd000c   Data           4  i2s.o(.data)
    tx_buffer_empty                          0x1ffd0010   Data           4  i2s.o(.data)
    rx_buffer_full                           0x1ffd0014   Data           4  i2s.o(.data)
    i2s_callback                             0x1ffd0018   Data           4  i2s.o(.data)
    .data                                    0x1ffd001c   Section       36  dstc.o(.data)
    audio_IN                                 0x1ffd001c   Data           4  dstc.o(.data)
    audio_OUT                                0x1ffd0020   Data           4  dstc.o(.data)
    rx_proc_buffer                           0x1ffd0024   Data           4  dstc.o(.data)
    tx_proc_buffer                           0x1ffd0028   Data           4  dstc.o(.data)
    tx_buffer_empty                          0x1ffd002c   Data           4  dstc.o(.data)
    rx_buffer_full                           0x1ffd0030   Data           4  dstc.o(.data)
    dma_callback                             0x1ffd003c   Data           4  dstc.o(.data)
    .data                                    0x1ffd0040   Section       20  mfs.o(.data)
    .data                                    0x1ffd0054   Section       72  mfs_hl.o(.data)
    m_astcMfsHlInstanceDataLut               0x1ffd0054   Data          72  mfs_hl.o(.data)
    .data                                    0x1ffd009c   Section        5  system_s6e2cc.o(.data)
    u8IoRegisterRead                         0x1ffd00a0   Data           1  system_s6e2cc.o(.data)
    .bss                                     0x1ffd00a4   Section      384  uart_tx.o(.bss)
    au8UartTxBuf                             0x1ffd00a4   Data         128  uart_tx.o(.bss)
    au8UartRxBuf                             0x1ffd0124   Data         256  uart_tx.o(.bss)
    .bss                                     0x1ffd0224   Section     2104  dstc.o(.bss)
    dma_tx_buffer_pong                       0x1ffd0224   Data         512  dstc.o(.bss)
    dma_tx_buffer_ping                       0x1ffd0424   Data         512  dstc.o(.bss)
    dma_rx_buffer_ping                       0x1ffd0624   Data         512  dstc.o(.bss)
    dma_rx_buffer_pong                       0x1ffd0824   Data         512  dstc.o(.bss)
    .bss                                     0x1ffd0a5c   Section       96  libspace.o(.bss)
    HEAP                                     0x1ffd0ac0   Section        0  startup_s6e2cc.o(HEAP)
    STACK                                    0x1ffd0ac0   Section      512  startup_s6e2cc.o(STACK)
    Heap_Mem                                 0x1ffd0ac0   Data           0  startup_s6e2cc.o(HEAP)
    Stack_Mem                                0x1ffd0ac0   Data         512  startup_s6e2cc.o(STACK)
    __initial_sp                             0x1ffd0cc0   Data           0  startup_s6e2cc.o(STACK)

    Global Symbols

    Symbol Name                              Value     Ov Type        Size  Object(Section)

    BuildAttributes$$THM_ISAv4$E$P$D$K$B$S$7EM$VFPi3$EXTD16$VFPS$VFMA$PE$A:L22UL41UL21$X:L11$S22US41US21$IEEE1$IW$USESV6$~STKCKD$USESV7$~SHL$OSPACE$ROPI$EBA8$UX$STANDARDLIB$REQ8$PRES8$EABIv2 0x00000000   Number         0  anon$$obj.o ABSOLUTE
    __ARM_use_no_argv                        0x00000000   Number         0  uart_tx.o ABSOLUTE
    __Vectors                                0x00000000   Data           4  startup_s6e2cc.o(RESET)
    __ARM_exceptions_init                     - Undefined Weak Reference
    __alloca_initialize                       - Undefined Weak Reference
    __arm_preinit_                            - Undefined Weak Reference
    __cpp_initialize__aeabi_                  - Undefined Weak Reference
    __cxa_finalize                            - Undefined Weak Reference
    __rt_locale                               - Undefined Weak Reference
    __sigvec_lookup                           - Undefined Weak Reference
    _atexit_init                              - Undefined Weak Reference
    _call_atexit_fns                          - Undefined Weak Reference
    _clock_init                               - Undefined Weak Reference
    _fp_trap_init                             - Undefined Weak Reference
    _fp_trap_shutdown                         - Undefined Weak Reference
    _get_lc_collate                           - Undefined Weak Reference
    _get_lc_ctype                             - Undefined Weak Reference
    _get_lc_monetary                          - Undefined Weak Reference
    _get_lc_numeric                           - Undefined Weak Reference
    _get_lc_time                              - Undefined Weak Reference
    _getenv_init                              - Undefined Weak Reference
    _handle_redirection                       - Undefined Weak Reference
    _init_alloc                               - Undefined Weak Reference
    _init_user_alloc                          - Undefined Weak Reference
    _initio                                   - Undefined Weak Reference
    _rand_init                                - Undefined Weak Reference
    _signal_finish                            - Undefined Weak Reference
    _signal_init                              - Undefined Weak Reference
    _terminate_alloc                          - Undefined Weak Reference
    _terminate_user_alloc                     - Undefined Weak Reference
    _terminateio                              - Undefined Weak Reference
    __Vectors_End                            0x00000240   Data           0  startup_s6e2cc.o(RESET)
    __Vectors_Size                           0x00000240   Number         0  startup_s6e2cc.o ABSOLUTE
    __main                                   0x00000241   Thumb Code     8  __main.o(!!!main)
    __scatterload                            0x00000249   Thumb Code     0  __scatter.o(!!!scatter)
    __scatterload_rt2                        0x00000249   Thumb Code    44  __scatter.o(!!!scatter)
    __scatterload_rt2_thumb_only             0x00000249   Thumb Code     0  __scatter.o(!!!scatter)
    __scatterload_null                       0x00000257   Thumb Code     0  __scatter.o(!!!scatter)
    __scatterload_copy                       0x0000027d   Thumb Code    26  __scatter_copy.o(!!handler_copy)
    __scatterload_zeroinit                   0x00000299   Thumb Code    28  __scatter_zi.o(!!handler_zi)
    __rt_lib_init                            0x000002b5   Thumb Code     0  libinit.o(.ARM.Collect$$libinit$$00000000)
    __rt_lib_init_fp_1                       0x000002b7   Thumb Code     0  libinit2.o(.ARM.Collect$$libinit$$00000001)
    __rt_lib_init_alloca_1                   0x000002bb   Thumb Code     0  libinit2.o(.ARM.Collect$$libinit$$0000002E)
    __rt_lib_init_argv_1                     0x000002bb   Thumb Code     0  libinit2.o(.ARM.Collect$$libinit$$0000002C)
    __rt_lib_init_atexit_1                   0x000002bb   Thumb Code     0  libinit2.o(.ARM.Collect$$libinit$$0000001B)
    __rt_lib_init_clock_1                    0x000002bb   Thumb Code     0  libinit2.o(.ARM.Collect$$libinit$$00000021)
    __rt_lib_init_cpp_1                      0x000002bb   Thumb Code     0  libinit2.o(.ARM.Collect$$libinit$$00000032)
    __rt_lib_init_exceptions_1               0x000002bb   Thumb Code     0  libinit2.o(.ARM.Collect$$libinit$$00000030)
    __rt_lib_init_fp_trap_1                  0x000002bb   Thumb Code     0  libinit2.o(.ARM.Collect$$libinit$$0000001F)
    __rt_lib_init_getenv_1                   0x000002bb   Thumb Code     0  libinit2.o(.ARM.Collect$$libinit$$00000023)
    __rt_lib_init_heap_1                     0x000002bb   Thumb Code     0  libinit2.o(.ARM.Collect$$libinit$$0000000A)
    __rt_lib_init_lc_collate_1               0x000002bb   Thumb Code     0  libinit2.o(.ARM.Collect$$libinit$$00000011)
    __rt_lib_init_lc_ctype_1                 0x000002bb   Thumb Code     0  libinit2.o(.ARM.Collect$$libinit$$00000013)
    __rt_lib_init_lc_monetary_1              0x000002bb   Thumb Code     0  libinit2.o(.ARM.Collect$$libinit$$00000015)
    __rt_lib_init_lc_numeric_1               0x000002bb   Thumb Code     0  libinit2.o(.ARM.Collect$$libinit$$00000017)
    __rt_lib_init_lc_time_1                  0x000002bb   Thumb Code     0  libinit2.o(.ARM.Collect$$libinit$$00000019)
    __rt_lib_init_preinit_1                  0x000002bb   Thumb Code     0  libinit2.o(.ARM.Collect$$libinit$$00000004)
    __rt_lib_init_rand_1                     0x000002bb   Thumb Code     0  libinit2.o(.ARM.Collect$$libinit$$0000000E)
    __rt_lib_init_return                     0x000002bb   Thumb Code     0  libinit2.o(.ARM.Collect$$libinit$$00000033)
    __rt_lib_init_signal_1                   0x000002bb   Thumb Code     0  libinit2.o(.ARM.Collect$$libinit$$0000001D)
    __rt_lib_init_stdio_1                    0x000002bb   Thumb Code     0  libinit2.o(.ARM.Collect$$libinit$$00000025)
    __rt_lib_init_user_alloc_1               0x000002bb   Thumb Code     0  libinit2.o(.ARM.Collect$$libinit$$0000000C)
    __rt_lib_shutdown                        0x000002bd   Thumb Code     0  libshutdown.o(.ARM.Collect$$libshutdown$$00000000)
    __rt_lib_shutdown_cpp_1                  0x000002bf   Thumb Code     0  libshutdown2.o(.ARM.Collect$$libshutdown$$00000002)
    __rt_lib_shutdown_fp_trap_1              0x000002bf   Thumb Code     0  libshutdown2.o(.ARM.Collect$$libshutdown$$00000007)
    __rt_lib_shutdown_heap_1                 0x000002bf   Thumb Code     0  libshutdown2.o(.ARM.Collect$$libshutdown$$0000000F)
    __rt_lib_shutdown_return                 0x000002bf   Thumb Code     0  libshutdown2.o(.ARM.Collect$$libshutdown$$00000010)
    __rt_lib_shutdown_signal_1               0x000002bf   Thumb Code     0  libshutdown2.o(.ARM.Collect$$libshutdown$$0000000A)
    __rt_lib_shutdown_stdio_1                0x000002bf   Thumb Code     0  libshutdown2.o(.ARM.Collect$$libshutdown$$00000004)
    __rt_lib_shutdown_user_alloc_1           0x000002bf   Thumb Code     0  libshutdown2.o(.ARM.Collect$$libshutdown$$0000000C)
    __rt_entry                               0x000002c1   Thumb Code     0  __rtentry.o(.ARM.Collect$$rtentry$$00000000)
    __rt_entry_presh_1                       0x000002c1   Thumb Code     0  __rtentry2.o(.ARM.Collect$$rtentry$$00000002)
    __rt_entry_sh                            0x000002c1   Thumb Code     0  __rtentry4.o(.ARM.Collect$$rtentry$$00000004)
    __rt_entry_li                            0x000002c7   Thumb Code     0  __rtentry2.o(.ARM.Collect$$rtentry$$0000000A)
    __rt_entry_postsh_1                      0x000002c7   Thumb Code     0  __rtentry2.o(.ARM.Collect$$rtentry$$00000009)
    __rt_entry_main                          0x000002cb   Thumb Code     0  __rtentry2.o(.ARM.Collect$$rtentry$$0000000D)
    __rt_entry_postli_1                      0x000002cb   Thumb Code     0  __rtentry2.o(.ARM.Collect$$rtentry$$0000000C)
    __rt_exit                                0x000002d3   Thumb Code     0  rtexit.o(.ARM.Collect$$rtexit$$00000000)
    __rt_exit_ls                             0x000002d5   Thumb Code     0  rtexit2.o(.ARM.Collect$$rtexit$$00000003)
    __rt_exit_prels_1                        0x000002d5   Thumb Code     0  rtexit2.o(.ARM.Collect$$rtexit$$00000002)
    __rt_exit_exit                           0x000002d9   Thumb Code     0  rtexit2.o(.ARM.Collect$$rtexit$$00000004)
    write_uart                               0x000002e1   Thumb Code    30  uart_tx.o(.text)
    main                                     0x000002ff   Thumb Code   192  uart_tx.o(.text)
    i2s_init                                 0x00000415   Thumb Code   652  i2s.o(.text)
    i2s_rx_enable                            0x000006a1   Thumb Code    28  i2s.o(.text)
    i2s_tx_enable                            0x000006bd   Thumb Code    28  i2s.o(.text)
    i2s_rx_threshold                         0x000006d9   Thumb Code    16  i2s.o(.text)
    i2s_tx_threshold                         0x000006e9   Thumb Code    16  i2s.o(.text)
    i2s_rx_dma_enable                        0x000006f9   Thumb Code    14  i2s.o(.text)
    i2s_tx_dma_enable                        0x00000707   Thumb Code    16  i2s.o(.text)
    i2s_start                                0x00000717   Thumb Code    16  i2s.o(.text)
    i2s_stop                                 0x00000727   Thumb Code    14  i2s.o(.text)
    i2s_rx                                   0x00000735   Thumb Code     6  i2s.o(.text)
    i2s_tx                                   0x0000073b   Thumb Code     6  i2s.o(.text)
    i2s_set_callback                         0x00000741   Thumb Code    78  i2s.o(.text)
    PRGCRC_I2S_IRQHandler                    0x0000078f   Thumb Code    22  i2s.o(.text)
    dstc_src_memory                          0x000007ed   Thumb Code    18  dstc.o(.text)
    dstc_dest_memory                         0x000007ff   Thumb Code    18  dstc.o(.text)
    dstc_transfersize                        0x00000811   Thumb Code    90  dstc.o(.text)
    DSTCPchkCalc                             0x0000086b   Thumb Code    40  dstc.o(.text)
    dstc_init                                0x00000893   Thumb Code   574  dstc.o(.text)
    dstc_state                               0x00000ad1   Thumb Code    48  dstc.o(.text)
    dstc_reset                               0x00000b01   Thumb Code    72  dstc.o(.text)
    dstc_set_callback                        0x00000b49   Thumb Code    78  dstc.o(.text)
    DSTC_COMP_IRQHandler                     0x00000b97   Thumb Code    16  dstc.o(.text)
    Mfs_InitTxIrq                            0x00000c73   Thumb Code    34  mfs.o(.text)
    Mfs_InitRxIrq                            0x00000c95   Thumb Code    34  mfs.o(.text)
    Mfs_DeInitIrq                            0x00000cb7   Thumb Code    54  mfs.o(.text)
    MfsIrqHandlerRx                          0x00000ced   Thumb Code    24  mfs.o(.text)
    MfsIrqHandlerTx                          0x00000d05   Thumb Code    24  mfs.o(.text)
    MfsIrqHandlerStatus                      0x00000d1d   Thumb Code    24  mfs.o(.text)
    Mfs_GetBusClock                          0x00000d35   Thumb Code   190  mfs.o(.text)
    Mfs_GetReloadValue                       0x00000df3   Thumb Code    26  mfs.o(.text)
    Mfs_I2c_GetReloadValue                   0x00000e0d   Thumb Code    26  mfs.o(.text)
    Mfs_SetTxIntCallBack                     0x00000e27   Thumb Code    32  mfs.o(.text)
    Mfs_SetRxIntCallBack                     0x00000e47   Thumb Code    32  mfs.o(.text)
    Mfs_SetStsIntCallBack                    0x00000e67   Thumb Code    32  mfs.o(.text)
    Mfs_SetUpperLayerHandle                  0x00000e87   Thumb Code    32  mfs.o(.text)
    Mfs_Hl_Uart_Init                         0x000029ab   Thumb Code   772  mfs_hl.o(.text)
    Mfs_Hl_Uart_DeInit                       0x00002caf   Thumb Code   136  mfs_hl.o(.text)
    Mfs_Hl_Csio_Init                         0x00002d37   Thumb Code  1600  mfs_hl.o(.text)
    Mfs_Hl_Csio_DeInit                       0x00003377   Thumb Code   150  mfs_hl.o(.text)
    Mfs_Hl_Csio_SynchronousTrans             0x0000340d   Thumb Code   380  mfs_hl.o(.text)
    Mfs_Hl_Lin_Init                          0x00003589   Thumb Code   700  mfs_hl.o(.text)
    Mfs_Hl_Lin_DeInit                        0x00003845   Thumb Code    30  mfs_hl.o(.text)
    Mfs_Hl_Lin_SetBreak                      0x00003863   Thumb Code    68  mfs_hl.o(.text)
    Mfs_Hl_Lin_SetNewBaudDivisor             0x000038a7   Thumb Code    54  mfs_hl.o(.text)
    Mfs_Hl_Lin_TransferRxBuffer              0x000038dd   Thumb Code    86  mfs_hl.o(.text)
    Mfs_Hl_Lin_DisableRxInterrupt            0x00003933   Thumb Code    32  mfs_hl.o(.text)
    Mfs_Hl_I2c_Init                          0x00003953   Thumb Code   946  mfs_hl.o(.text)
    Mfs_Hl_I2c_DeInit                        0x00003d05   Thumb Code   120  mfs_hl.o(.text)
    Mfs_Hl_I2c_Write                         0x00004099   Thumb Code   702  mfs_hl.o(.text)
    Mfs_Hl_I2c_Read                          0x00004357   Thumb Code   500  mfs_hl.o(.text)
    Mfs_Hl_I2c_WaitTxComplete                0x0000454b   Thumb Code    80  mfs_hl.o(.text)
    Mfs_Hl_I2c_WaitRxComplete                0x0000459b   Thumb Code    82  mfs_hl.o(.text)
    Mfs_Hl_Write                             0x000045ed   Thumb Code   458  mfs_hl.o(.text)
    Mfs_Hl_Read                              0x000047b7   Thumb Code   526  mfs_hl.o(.text)
    Mfs_Hl_GetBufferPointer                  0x000049c5   Thumb Code    60  mfs_hl.o(.text)
    pdl_memclr                               0x00004a01   Thumb Code    18  pdl.o(.text)
    PDL_WAIT_LOOP_HOOK                       0x00004a13   Thumb Code     2  pdl.o(.text)
    Reset_Handler                            0x00004a15   Thumb Code    20  startup_s6e2cc.o(.text)
    NMI_Handler                              0x00004a29   Thumb Code     2  startup_s6e2cc.o(.text)
    HardFault_Handler                        0x00004a2b   Thumb Code     2  startup_s6e2cc.o(.text)
    MemManage_Handler                        0x00004a2d   Thumb Code     2  startup_s6e2cc.o(.text)
    BusFault_Handler                         0x00004a2f   Thumb Code     2  startup_s6e2cc.o(.text)
    UsageFault_Handler                       0x00004a31   Thumb Code     2  startup_s6e2cc.o(.text)
    SVC_Handler                              0x00004a33   Thumb Code     2  startup_s6e2cc.o(.text)
    DebugMon_Handler                         0x00004a35   Thumb Code     2  startup_s6e2cc.o(.text)
    PendSV_Handler                           0x00004a37   Thumb Code     2  startup_s6e2cc.o(.text)
    SysTick_Handler                          0x00004a39   Thumb Code     2  startup_s6e2cc.o(.text)
    ADC0_IRQHandler                          0x00004a3b   Thumb Code     0  startup_s6e2cc.o(.text)
    ADC1_IRQHandler                          0x00004a3b   Thumb Code     0  startup_s6e2cc.o(.text)
    ADC2_IRQHandler                          0x00004a3b   Thumb Code     0  startup_s6e2cc.o(.text)
    BT0_IRQHandler                           0x00004a3b   Thumb Code     0  startup_s6e2cc.o(.text)
    BT10_IRQHandler                          0x00004a3b   Thumb Code     0  startup_s6e2cc.o(.text)
    BT11_IRQHandler                          0x00004a3b   Thumb Code     0  startup_s6e2cc.o(.text)
    BT12_15_IRQHandler                       0x00004a3b   Thumb Code     0  startup_s6e2cc.o(.text)
    BT1_IRQHandler                           0x00004a3b   Thumb Code     0  startup_s6e2cc.o(.text)
    BT2_IRQHandler                           0x00004a3b   Thumb Code     0  startup_s6e2cc.o(.text)
    BT3_IRQHandler                           0x00004a3b   Thumb Code     0  startup_s6e2cc.o(.text)
    BT4_IRQHandler                           0x00004a3b   Thumb Code     0  startup_s6e2cc.o(.text)
    BT5_IRQHandler                           0x00004a3b   Thumb Code     0  startup_s6e2cc.o(.text)
    BT6_IRQHandler                           0x00004a3b   Thumb Code     0  startup_s6e2cc.o(.text)
    BT7_IRQHandler                           0x00004a3b   Thumb Code     0  startup_s6e2cc.o(.text)
    BT8_IRQHandler                           0x00004a3b   Thumb Code     0  startup_s6e2cc.o(.text)
    BT9_IRQHandler                           0x00004a3b   Thumb Code     0  startup_s6e2cc.o(.text)
    CAN0_IRQHandler                          0x00004a3b   Thumb Code     0  startup_s6e2cc.o(.text)
    CAN1_CANFD_IRQHandler                    0x00004a3b   Thumb Code     0  startup_s6e2cc.o(.text)
    CSV_IRQHandler                           0x00004a3b   Thumb Code     0  startup_s6e2cc.o(.text)
    DMAC0_IRQHandler                         0x00004a3b   Thumb Code     0  startup_s6e2cc.o(.text)
    DMAC1_IRQHandler                         0x00004a3b   Thumb Code     0  startup_s6e2cc.o(.text)
    DMAC2_IRQHandler                         0x00004a3b   Thumb Code     0  startup_s6e2cc.o(.text)
    DMAC3_IRQHandler                         0x00004a3b   Thumb Code     0  startup_s6e2cc.o(.text)
    DMAC4_IRQHandler                         0x00004a3b   Thumb Code     0  startup_s6e2cc.o(.text)
    DMAC5_IRQHandler                         0x00004a3b   Thumb Code     0  startup_s6e2cc.o(.text)
    DMAC6_IRQHandler                         0x00004a3b   Thumb Code     0  startup_s6e2cc.o(.text)
    DMAC7_IRQHandler                         0x00004a3b   Thumb Code     0  startup_s6e2cc.o(.text)
    DSTC_IRQHandler                          0x00004a3b   Thumb Code     0  startup_s6e2cc.o(.text)
    DT1_2_IRAHandler                         0x00004a3b   Thumb Code     0  startup_s6e2cc.o(.text)
    Dummy                                    0x00004a3b   Thumb Code     0  startup_s6e2cc.o(.text)
    ETHER0_IRQHandler                        0x00004a3b   Thumb Code     0  startup_s6e2cc.o(.text)
    EXINT0_IRQHandler                        0x00004a3b   Thumb Code     0  startup_s6e2cc.o(.text)
    EXINT16_17_18_19_IRQHandler              0x00004a3b   Thumb Code     0  startup_s6e2cc.o(.text)
    EXINT1_IRQHandler                        0x00004a3b   Thumb Code     0  startup_s6e2cc.o(.text)
    EXINT20_21_22_23_IRQHandler              0x00004a3b   Thumb Code     0  startup_s6e2cc.o(.text)
    EXINT24_25_26_27_IRQHandler              0x00004a3b   Thumb Code     0  startup_s6e2cc.o(.text)
    EXINT28_29_30_31_IRQHandler              0x00004a3b   Thumb Code     0  startup_s6e2cc.o(.text)
    EXINT2_IRQHandler                        0x00004a3b   Thumb Code     0  startup_s6e2cc.o(.text)
    EXINT3_IRQHandler                        0x00004a3b   Thumb Code     0  startup_s6e2cc.o(.text)
    EXINT4_IRQHandler                        0x00004a3b   Thumb Code     0  startup_s6e2cc.o(.text)
    EXINT5_IRQHandler                        0x00004a3b   Thumb Code     0  startup_s6e2cc.o(.text)
    EXINT6_IRQHandler                        0x00004a3b   Thumb Code     0  startup_s6e2cc.o(.text)
    EXINT7_IRQHandler                        0x00004a3b   Thumb Code     0  startup_s6e2cc.o(.text)
    EXTBUS_ERR_Handler                       0x00004a3b   Thumb Code     0  startup_s6e2cc.o(.text)
    EXTINT10_IRQHandler                      0x00004a3b   Thumb Code     0  startup_s6e2cc.o(.text)
    EXTINT11_IRQHandler                      0x00004a3b   Thumb Code     0  startup_s6e2cc.o(.text)
    EXTINT12_IRQHandler                      0x00004a3b   Thumb Code     0  startup_s6e2cc.o(.text)
    EXTINT13_IRQHandler                      0x00004a3b   Thumb Code     0  startup_s6e2cc.o(.text)
    EXTINT14_IRQHandler                      0x00004a3b   Thumb Code     0  startup_s6e2cc.o(.text)
    EXTINT15_IRQHandler                      0x00004a3b   Thumb Code     0  startup_s6e2cc.o(.text)
    EXTINT8_IRQHandler                       0x00004a3b   Thumb Code     0  startup_s6e2cc.o(.text)
    EXTINT9_IRQHandler                       0x00004a3b   Thumb Code     0  startup_s6e2cc.o(.text)
    FLASHIF_IRQHandler                       0x00004a3b   Thumb Code     0  startup_s6e2cc.o(.text)
    FRT0_PEAK_IRQHandler                     0x00004a3b   Thumb Code     0  startup_s6e2cc.o(.text)
    FRT0_ZERO_IRQHandler                     0x00004a3b   Thumb Code     0  startup_s6e2cc.o(.text)
    FRT1_PEAK_IRQHandler                     0x00004a3b   Thumb Code     0  startup_s6e2cc.o(.text)
    FRT1_ZERO_IRQHandler                     0x00004a3b   Thumb Code     0  startup_s6e2cc.o(.text)
    FRT2_PEAK_IRQHandler                     0x00004a3b   Thumb Code     0  startup_s6e2cc.o(.text)
    FRT2_ZERO_IRQHandler                     0x00004a3b   Thumb Code     0  startup_s6e2cc.o(.text)
    HSSPI_IRQHandler                         0x00004a3b   Thumb Code     0  startup_s6e2cc.o(.text)
    ICU0_IRQHandler                          0x00004a3b   Thumb Code     0  startup_s6e2cc.o(.text)
    ICU1_IRQHandler                          0x00004a3b   Thumb Code     0  startup_s6e2cc.o(.text)
    ICU2_IRQHandler                          0x00004a3b   Thumb Code     0  startup_s6e2cc.o(.text)
    IRQ003SEL_IRQHandler                     0x00004a3b   Thumb Code     0  startup_s6e2cc.o(.text)
    IRQ004SEL_IRQHandler                     0x00004a3b   Thumb Code     0  startup_s6e2cc.o(.text)
    IRQ005SEL_IRQHandler                     0x00004a3b   Thumb Code     0  startup_s6e2cc.o(.text)
    IRQ006SEL_IRQHandler                     0x00004a3b   Thumb Code     0  startup_s6e2cc.o(.text)
    IRQ007SEL_IRQHandler                     0x00004a3b   Thumb Code     0  startup_s6e2cc.o(.text)
    IRQ008SEL_IRQHandler                     0x00004a3b   Thumb Code     0  startup_s6e2cc.o(.text)
    IRQ009SEL_IRQHandler                     0x00004a3b   Thumb Code     0  startup_s6e2cc.o(.text)
    IRQ010SEL_IRQHandler                     0x00004a3b   Thumb Code     0  startup_s6e2cc.o(.text)
    LVD_IRQHandler                           0x00004a3b   Thumb Code     0  startup_s6e2cc.o(.text)
    MFS0_RX_IRQHandler                       0x00004a3b   Thumb Code     0  startup_s6e2cc.o(.text)
    MFS0_TX_IRQHandler                       0x00004a3b   Thumb Code     0  startup_s6e2cc.o(.text)
    MFS10_RX_IRQHandler                      0x00004a3b   Thumb Code     0  startup_s6e2cc.o(.text)
    MFS10_TX_IRQHandler                      0x00004a3b   Thumb Code     0  startup_s6e2cc.o(.text)
    MFS11_RX_IRQHandler                      0x00004a3b   Thumb Code     0  startup_s6e2cc.o(.text)
    MFS11_TX_IRQHandler                      0x00004a3b   Thumb Code     0  startup_s6e2cc.o(.text)
    MFS12_RX_IRQHandler                      0x00004a3b   Thumb Code     0  startup_s6e2cc.o(.text)
    MFS12_TX_IRQHandler                      0x00004a3b   Thumb Code     0  startup_s6e2cc.o(.text)
    MFS13_RX_IRQHandler                      0x00004a3b   Thumb Code     0  startup_s6e2cc.o(.text)
    MFS13_TX_IRQHandler                      0x00004a3b   Thumb Code     0  startup_s6e2cc.o(.text)
    MFS14_RX_IRQHandler                      0x00004a3b   Thumb Code     0  startup_s6e2cc.o(.text)
    MFS14_TX_IRQHandler                      0x00004a3b   Thumb Code     0  startup_s6e2cc.o(.text)
    MFS15_RX_IRQHandler                      0x00004a3b   Thumb Code     0  startup_s6e2cc.o(.text)
    MFS15_TX_IRQHandler                      0x00004a3b   Thumb Code     0  startup_s6e2cc.o(.text)
    MFS1_RX_IRQHandler                       0x00004a3b   Thumb Code     0  startup_s6e2cc.o(.text)
    MFS1_TX_IRQHandler                       0x00004a3b   Thumb Code     0  startup_s6e2cc.o(.text)
    MFS2_RX_IRQHandler                       0x00004a3b   Thumb Code     0  startup_s6e2cc.o(.text)
    MFS2_TX_IRQHandler                       0x00004a3b   Thumb Code     0  startup_s6e2cc.o(.text)
    MFS3_RX_IRQHandler                       0x00004a3b   Thumb Code     0  startup_s6e2cc.o(.text)
    MFS3_TX_IRQHandler                       0x00004a3b   Thumb Code     0  startup_s6e2cc.o(.text)
    MFS4_RX_IRQHandler                       0x00004a3b   Thumb Code     0  startup_s6e2cc.o(.text)
    MFS4_TX_IRQHandler                       0x00004a3b   Thumb Code     0  startup_s6e2cc.o(.text)
    MFS5_RX_IRQHandler                       0x00004a3b   Thumb Code     0  startup_s6e2cc.o(.text)
    MFS5_TX_IRQHandler                       0x00004a3b   Thumb Code     0  startup_s6e2cc.o(.text)
    MFS6_RX_IRQHandler                       0x00004a3b   Thumb Code     0  startup_s6e2cc.o(.text)
    MFS6_TX_IRQHandler                       0x00004a3b   Thumb Code     0  startup_s6e2cc.o(.text)
    MFS7_RX_IRQHandler                       0x00004a3b   Thumb Code     0  startup_s6e2cc.o(.text)
    MFS7_TX_IRQHandler                       0x00004a3b   Thumb Code     0  startup_s6e2cc.o(.text)
    MFS8_RX_IRQHandler                       0x00004a3b   Thumb Code     0  startup_s6e2cc.o(.text)
    MFS8_TX_IRQHandler                       0x00004a3b   Thumb Code     0  startup_s6e2cc.o(.text)
    MFS9_RX_IRQHandler                       0x00004a3b   Thumb Code     0  startup_s6e2cc.o(.text)
    MFS9_TX_IRQHandler                       0x00004a3b   Thumb Code     0  startup_s6e2cc.o(.text)
    OCU0_IRQHandler                          0x00004a3b   Thumb Code     0  startup_s6e2cc.o(.text)
    OCU1_IRQHandler                          0x00004a3b   Thumb Code     0  startup_s6e2cc.o(.text)
    OCU2_IRQHandler                          0x00004a3b   Thumb Code     0  startup_s6e2cc.o(.text)
    PPG00_02_04_IRQHandler                   0x00004a3b   Thumb Code     0  startup_s6e2cc.o(.text)
    PPG08_10_12_IRQHandler                   0x00004a3b   Thumb Code     0  startup_s6e2cc.o(.text)
    PPG16_18_20_IRQHandler                   0x00004a3b   Thumb Code     0  startup_s6e2cc.o(.text)
    QPRC0_IRQHandler                         0x00004a3b   Thumb Code     0  startup_s6e2cc.o(.text)
    QPRC1_IRQHandler                         0x00004a3b   Thumb Code     0  startup_s6e2cc.o(.text)
    QPRC2_IRQHandler                         0x00004a3b   Thumb Code     0  startup_s6e2cc.o(.text)
    QPRC3_IRQHandler                         0x00004a3b   Thumb Code     0  startup_s6e2cc.o(.text)
    RTC_IRQHandler                           0x00004a3b   Thumb Code     0  startup_s6e2cc.o(.text)
    SD_IRQHandler                            0x00004a3b   Thumb Code     0  startup_s6e2cc.o(.text)
    SWDT_IRQHandler                          0x00004a3b   Thumb Code     0  startup_s6e2cc.o(.text)
    TIM_IRQHandler                           0x00004a3b   Thumb Code     0  startup_s6e2cc.o(.text)
    USB0_HOST_IRQHandler                     0x00004a3b   Thumb Code     0  startup_s6e2cc.o(.text)
    USB0_IRQHandler                          0x00004a3b   Thumb Code     0  startup_s6e2cc.o(.text)
    USB1_HDMICEC0_IRQHandler                 0x00004a3b   Thumb Code     0  startup_s6e2cc.o(.text)
    USB1_HOST_HDMICEC1_IRQHandler            0x00004a3b   Thumb Code     0  startup_s6e2cc.o(.text)
    WC_IRQHandler                            0x00004a3b   Thumb Code     0  startup_s6e2cc.o(.text)
    WFG0_DTIF0_IRQHandler                    0x00004a3b   Thumb Code     0  startup_s6e2cc.o(.text)
    WFG1_DTIF1_IRQHandler                    0x00004a3b   Thumb Code     0  startup_s6e2cc.o(.text)
    WFG2_DTIF2_IRQHandler                    0x00004a3b   Thumb Code     0  startup_s6e2cc.o(.text)
    __user_initial_stackheap                 0x00004a3d   Thumb Code     0  startup_s6e2cc.o(.text)
    SystemCoreClockUpdate                    0x00004a61   Thumb Code   176  system_s6e2cc.o(.text)
    SystemInit                               0x00004b11   Thumb Code   202  system_s6e2cc.o(.text)
    strlen                                   0x00004c05   Thumb Code    62  strlen.o(.text)
    __use_two_region_memory                  0x00004c43   Thumb Code     2  heapauxi.o(.text)
    __rt_heap_escrow$2region                 0x00004c45   Thumb Code     2  heapauxi.o(.text)
    __rt_heap_expand$2region                 0x00004c47   Thumb Code     2  heapauxi.o(.text)
    __user_setup_stackheap                   0x00004c49   Thumb Code    74  sys_stackheap_outer.o(.text)
    exit                                     0x00004c93   Thumb Code    18  exit.o(.text)
    __user_libspace                          0x00004ca5   Thumb Code     8  libspace.o(.text)
    __user_perproc_libspace                  0x00004ca5   Thumb Code     0  libspace.o(.text)
    __user_perthread_libspace                0x00004ca5   Thumb Code     0  libspace.o(.text)
    _sys_exit                                0x00004cad   Thumb Code     8  sys_exit.o(.text)
    __I$use$semihosting                      0x00004cb9   Thumb Code     0  use_no_semi.o(.text)
    __use_no_semihosting_swi                 0x00004cb9   Thumb Code     2  use_no_semi.o(.text)
    __semihosting_library_function           0x00004cbb   Thumb Code     0  indicate_semi.o(.text)
    _fp_init                                 0x00004cbb   Thumb Code    10  fpinit.o(x$fpl$fpinit)
    __fplib_config_fpu_vfp                   0x00004cc3   Thumb Code     0  fpinit.o(x$fpl$fpinit)
    __fplib_config_pureend_doubles           0x00004cc3   Thumb Code     0  fpinit.o(x$fpl$fpinit)
    Region$$Table$$Base                      0x00004cc4   Number         0  anon$$obj.o(Region$$Table)
    Region$$Table$$Limit                     0x00004ce4   Number         0  anon$$obj.o(Region$$Table)
    stcDES0Backup0                           0x1ffd0034   Data           4  dstc.o(.data)
    stcDES0Backup1                           0x1ffd0038   Data           4  dstc.o(.data)
    m_astcMfsInstanceDataLut                 0x1ffd0040   Data          20  mfs.o(.data)
    SystemCoreClock                          0x1ffd009c   Data           4  system_s6e2cc.o(.data)
    stcDES                                   0x1ffd0a24   Data          56  dstc.o(.bss)
    __libspace_start                         0x1ffd0a5c   Data          96  libspace.o(.bss)
    __temporary_stack_top$libspace           0x1ffd0abc   Data           0  libspace.o(.bss)



==============================================================================

Memory Map of the image

  Image Entry point : 0x00000241

  Load Region LR_IROM1 (Base: 0x00000000, Size: 0x00004d88, Max: 0x00300000, ABSOLUTE)

    Execution Region ER_IROM1 (Exec base: 0x00000000, Load base: 0x00000000, Size: 0x00004ce4, Max: 0x00300000, ABSOLUTE)

    Exec Addr    Load Addr    Size         Type   Attr      Idx    E Section Name        Object

    0x00000000   0x00000000   0x00000240   Data   RO          405    RESET               startup_s6e2cc.o
    0x00000240   0x00000240   0x00000008   Code   RO          453  * !!!main             c_w.l(__main.o)
    0x00000248   0x00000248   0x00000034   Code   RO          610    !!!scatter          c_w.l(__scatter.o)
    0x0000027c   0x0000027c   0x0000001a   Code   RO          612    !!handler_copy      c_w.l(__scatter_copy.o)
    0x00000296   0x00000296   0x00000002   PAD
    0x00000298   0x00000298   0x0000001c   Code   RO          614    !!handler_zi        c_w.l(__scatter_zi.o)
    0x000002b4   0x000002b4   0x00000002   Code   RO          480    .ARM.Collect$$libinit$$00000000  c_w.l(libinit.o)
    0x000002b6   0x000002b6   0x00000004   Code   RO          486    .ARM.Collect$$libinit$$00000001  c_w.l(libinit2.o)
    0x000002ba   0x000002ba   0x00000000   Code   RO          489    .ARM.Collect$$libinit$$00000004  c_w.l(libinit2.o)
    0x000002ba   0x000002ba   0x00000000   Code   RO          492    .ARM.Collect$$libinit$$0000000A  c_w.l(libinit2.o)
    0x000002ba   0x000002ba   0x00000000   Code   RO          494    .ARM.Collect$$libinit$$0000000C  c_w.l(libinit2.o)
    0x000002ba   0x000002ba   0x00000000   Code   RO          496    .ARM.Collect$$libinit$$0000000E  c_w.l(libinit2.o)
    0x000002ba   0x000002ba   0x00000000   Code   RO          499    .ARM.Collect$$libinit$$00000011  c_w.l(libinit2.o)
    0x000002ba   0x000002ba   0x00000000   Code   RO          501    .ARM.Collect$$libinit$$00000013  c_w.l(libinit2.o)
    0x000002ba   0x000002ba   0x00000000   Code   RO          503    .ARM.Collect$$libinit$$00000015  c_w.l(libinit2.o)
    0x000002ba   0x000002ba   0x00000000   Code   RO          505    .ARM.Collect$$libinit$$00000017  c_w.l(libinit2.o)
    0x000002ba   0x000002ba   0x00000000   Code   RO          507    .ARM.Collect$$libinit$$00000019  c_w.l(libinit2.o)
    0x000002ba   0x000002ba   0x00000000   Code   RO          509    .ARM.Collect$$libinit$$0000001B  c_w.l(libinit2.o)
    0x000002ba   0x000002ba   0x00000000   Code   RO          511    .ARM.Collect$$libinit$$0000001D  c_w.l(libinit2.o)
    0x000002ba   0x000002ba   0x00000000   Code   RO          513    .ARM.Collect$$libinit$$0000001F  c_w.l(libinit2.o)
    0x000002ba   0x000002ba   0x00000000   Code   RO          515    .ARM.Collect$$libinit$$00000021  c_w.l(libinit2.o)
    0x000002ba   0x000002ba   0x00000000   Code   RO          517    .ARM.Collect$$libinit$$00000023  c_w.l(libinit2.o)
    0x000002ba   0x000002ba   0x00000000   Code   RO          519    .ARM.Collect$$libinit$$00000025  c_w.l(libinit2.o)
    0x000002ba   0x000002ba   0x00000000   Code   RO          523    .ARM.Collect$$libinit$$0000002C  c_w.l(libinit2.o)
    0x000002ba   0x000002ba   0x00000000   Code   RO          525    .ARM.Collect$$libinit$$0000002E  c_w.l(libinit2.o)
    0x000002ba   0x000002ba   0x00000000   Code   RO          527    .ARM.Collect$$libinit$$00000030  c_w.l(libinit2.o)
    0x000002ba   0x000002ba   0x00000000   Code   RO          529    .ARM.Collect$$libinit$$00000032  c_w.l(libinit2.o)
    0x000002ba   0x000002ba   0x00000002   Code   RO          530    .ARM.Collect$$libinit$$00000033  c_w.l(libinit2.o)
    0x000002bc   0x000002bc   0x00000002   Code   RO          550    .ARM.Collect$$libshutdown$$00000000  c_w.l(libshutdown.o)
    0x000002be   0x000002be   0x00000000   Code   RO          563    .ARM.Collect$$libshutdown$$00000002  c_w.l(libshutdown2.o)
    0x000002be   0x000002be   0x00000000   Code   RO          565    .ARM.Collect$$libshutdown$$00000004  c_w.l(libshutdown2.o)
    0x000002be   0x000002be   0x00000000   Code   RO          568    .ARM.Collect$$libshutdown$$00000007  c_w.l(libshutdown2.o)
    0x000002be   0x000002be   0x00000000   Code   RO          571    .ARM.Collect$$libshutdown$$0000000A  c_w.l(libshutdown2.o)
    0x000002be   0x000002be   0x00000000   Code   RO          573    .ARM.Collect$$libshutdown$$0000000C  c_w.l(libshutdown2.o)
    0x000002be   0x000002be   0x00000000   Code   RO          576    .ARM.Collect$$libshutdown$$0000000F  c_w.l(libshutdown2.o)
    0x000002be   0x000002be   0x00000002   Code   RO          577    .ARM.Collect$$libshutdown$$00000010  c_w.l(libshutdown2.o)
    0x000002c0   0x000002c0   0x00000000   Code   RO          455    .ARM.Collect$$rtentry$$00000000  c_w.l(__rtentry.o)
    0x000002c0   0x000002c0   0x00000000   Code   RO          457    .ARM.Collect$$rtentry$$00000002  c_w.l(__rtentry2.o)
    0x000002c0   0x000002c0   0x00000006   Code   RO          469    .ARM.Collect$$rtentry$$00000004  c_w.l(__rtentry4.o)
    0x000002c6   0x000002c6   0x00000000   Code   RO          459    .ARM.Collect$$rtentry$$00000009  c_w.l(__rtentry2.o)
    0x000002c6   0x000002c6   0x00000004   Code   RO          460    .ARM.Collect$$rtentry$$0000000A  c_w.l(__rtentry2.o)
    0x000002ca   0x000002ca   0x00000000   Code   RO          462    .ARM.Collect$$rtentry$$0000000C  c_w.l(__rtentry2.o)
    0x000002ca   0x000002ca   0x00000008   Code   RO          463    .ARM.Collect$$rtentry$$0000000D  c_w.l(__rtentry2.o)
    0x000002d2   0x000002d2   0x00000002   Code   RO          484    .ARM.Collect$$rtexit$$00000000  c_w.l(rtexit.o)
    0x000002d4   0x000002d4   0x00000000   Code   RO          532    .ARM.Collect$$rtexit$$00000002  c_w.l(rtexit2.o)
    0x000002d4   0x000002d4   0x00000004   Code   RO          533    .ARM.Collect$$rtexit$$00000003  c_w.l(rtexit2.o)
    0x000002d8   0x000002d8   0x00000006   Code   RO          534    .ARM.Collect$$rtexit$$00000004  c_w.l(rtexit2.o)
    0x000002de   0x000002de   0x00000002   PAD
    0x000002e0   0x000002e0   0x00000134   Code   RO            4    .text               uart_tx.o
    0x00000414   0x00000414   0x000003d8   Code   RO          230    .text               i2s.o
    0x000007ec   0x000007ec   0x00000400   Code   RO          261    .text               dstc.o
    0x00000bec   0x00000bec   0x00000310   Code   RO          289    .text               mfs.o
    0x00000efc   0x00000efc   0x00003b04   Code   RO          345    .text               mfs_hl.o
    0x00004a00   0x00004a00   0x00000014   Code   RO          382    .text               pdl.o
    0x00004a14   0x00004a14   0x0000004c   Code   RO          406    .text               startup_s6e2cc.o
    0x00004a60   0x00004a60   0x000001a4   Code   RO          413    .text               system_s6e2cc.o
    0x00004c04   0x00004c04   0x0000003e   Code   RO          449    .text               c_w.l(strlen.o)
    0x00004c42   0x00004c42   0x00000006   Code   RO          451    .text               c_w.l(heapauxi.o)
    0x00004c48   0x00004c48   0x0000004a   Code   RO          471    .text               c_w.l(sys_stackheap_outer.o)
    0x00004c92   0x00004c92   0x00000012   Code   RO          473    .text               c_w.l(exit.o)
    0x00004ca4   0x00004ca4   0x00000008   Code   RO          481    .text               c_w.l(libspace.o)
    0x00004cac   0x00004cac   0x0000000c   Code   RO          542    .text               c_w.l(sys_exit.o)
    0x00004cb8   0x00004cb8   0x00000002   Code   RO          553    .text               c_w.l(use_no_semi.o)
    0x00004cba   0x00004cba   0x00000000   Code   RO          555    .text               c_w.l(indicate_semi.o)
    0x00004cba   0x00004cba   0x0000000a   Code   RO          540    x$fpl$fpinit        fz_wm.l(fpinit.o)
    0x00004cc4   0x00004cc4   0x00000020   Data   RO          608    Region$$Table       anon$$obj.o


    Execution Region RW_IRAM1 (Exec base: 0x1ffd0000, Load base: 0x00004ce4, Size: 0x00000cc0, Max: 0x00030000, ABSOLUTE)

    Exec Addr    Load Addr    Size         Type   Attr      Idx    E Section Name        Object

    0x1ffd0000   0x00004ce4   0x0000001c   Data   RW          232    .data               i2s.o
    0x1ffd001c   0x00004d00   0x00000024   Data   RW          263    .data               dstc.o
    0x1ffd0040   0x00004d24   0x00000014   Data   RW          290    .data               mfs.o
    0x1ffd0054   0x00004d38   0x00000048   Data   RW          346    .data               mfs_hl.o
    0x1ffd009c   0x00004d80   0x00000005   Data   RW          414    .data               system_s6e2cc.o
    0x1ffd00a1   0x00004d85   0x00000003   PAD
    0x1ffd00a4        -       0x00000180   Zero   RW            5    .bss                uart_tx.o
    0x1ffd0224        -       0x00000838   Zero   RW          262    .bss                dstc.o
    0x1ffd0a5c        -       0x00000060   Zero   RW          482    .bss                c_w.l(libspace.o)
    0x1ffd0abc   0x00004d85   0x00000004   PAD
    0x1ffd0ac0        -       0x00000000   Zero   RW          404    HEAP                startup_s6e2cc.o
    0x1ffd0ac0        -       0x00000200   Zero   RW          403    STACK               startup_s6e2cc.o



  Load Region LR_IROM2 (Base: 0x00406000, Size: 0x00000000, Max: 0x0000a000, ABSOLUTE)

    Execution Region ER_IROM2 (Exec base: 0x00406000, Load base: 0x00406000, Size: 0x00000000, Max: 0x0000a000, ABSOLUTE)

    **** No section assigned to this execution region ****


==============================================================================

Image component sizes


      Code (inc. data)   RO Data    RW Data    ZI Data      Debug   Object Name

         0          0          0          0          0       2176   audio.o
      1024         48          0         36       2104       4056   dstc.o
       984         50          0         28          0      33956   i2s.o
       784         52          0         20          0    1770736   mfs.o
     15108        168          0         72          0      36891   mfs_hl.o
        20          0          0          0          0       1052   pdl.o
        76         26        576          0        512        896   startup_s6e2cc.o
       420         56          0          5          0       1377   system_s6e2cc.o
       308         86          0          0        384    1746221   uart_tx.o

    ----------------------------------------------------------------------
     18724        486        608        164       3000    3597361   Object Totals
         0          0         32          0          0          0   (incl. Generated)
         0          0          0          3          0          0   (incl. Padding)

    ----------------------------------------------------------------------

      Code (inc. data)   RO Data    RW Data    ZI Data      Debug   Library Member Name

         8          0          0          0          0         68   __main.o
         0          0          0          0          0          0   __rtentry.o
        12          0          0          0          0          0   __rtentry2.o
         6          0          0          0          0          0   __rtentry4.o
        52          8          0          0          0          0   __scatter.o
        26          0          0          0          0          0   __scatter_copy.o
        28          0          0          0          0          0   __scatter_zi.o
        18          0          0          0          0         80   exit.o
         6          0          0          0          0        152   heapauxi.o
         0          0          0          0          0          0   indicate_semi.o
         2          0          0          0          0          0   libinit.o
         6          0          0          0          0          0   libinit2.o
         2          0          0          0          0          0   libshutdown.o
         2          0          0          0          0          0   libshutdown2.o
         8          4          0          0         96         68   libspace.o
         2          0          0          0          0          0   rtexit.o
        10          0          0          0          0          0   rtexit2.o
        62          0          0          0          0         76   strlen.o
        12          4          0          0          0         68   sys_exit.o
        74          0          0          0          0         80   sys_stackheap_outer.o
         2          0          0          0          0         68   use_no_semi.o
        10          0          0          0          0        116   fpinit.o

    ----------------------------------------------------------------------
       352         16          0          0        100        776   Library Totals
         4          0          0          0          4          0   (incl. Padding)

    ----------------------------------------------------------------------

      Code (inc. data)   RO Data    RW Data    ZI Data      Debug   Library Name

       338         16          0          0         96        660   c_w.l
        10          0          0          0          0        116   fz_wm.l

    ----------------------------------------------------------------------
       352         16          0          0        100        776   Library Totals

    ----------------------------------------------------------------------

==============================================================================


      Code (inc. data)   RO Data    RW Data    ZI Data      Debug   

     19076        502        608        164       3100    3596729   Grand Totals
     19076        502        608        164       3100    3596729   ELF Image Totals
     19076        502        608        164          0          0   ROM Totals

==============================================================================

    Total RO  Size (Code + RO Data)                19684 (  19.22kB)
    Total RW  Size (RW Data + ZI Data)              3264 (   3.19kB)
    Total ROM Size (Code + RO Data + RW Data)      19848 (  19.38kB)

==============================================================================

