<html>
<body>
<pre>
<h1>µVision Build Log</h1>
<h2>Tool Versions:</h2>
IDE-Version: µVision V5.26.2.0
Copyright (C) 2018 ARM Ltd and ARM Germany GmbH. All rights reserved.
License Information: Vincent Claes Hogeschool PXL Flex license: MDK-ARM Professional: 1 user(s) (mdk_pro) Operation stops: 12 Mar 2019
 
Tool Versions:
Toolchain:       MDK-ARM Professional: 1 user(s)  Version: 5.26.2.0
Toolchain Path:  C:\Keil_v5\ARM\ARMCC\Bin
C Compiler:      Armcc.exe V5.06 update 6 (build 750)
Assembler:       Armasm.exe V5.06 update 6 (build 750)
Linker/Locator:  ArmLink.exe V5.06 update 6 (build 750)
Library Manager: ArmAr.exe V5.06 update 6 (build 750)
Hex Converter:   FromElf.exe V5.06 update 6 (build 750)
CPU DLL:         SARMCM3.DLL V5.26.2.0
Dialog DLL:      DCM.DLL V1.17.2.0
Target DLL:      CMSIS_AGDI.dll V1.30.6.0
Dialog DLL:      TCM.DLL V1.36.1.0
 
<h2>Project:</h2>
D:\OneDrive - PXL\Hogeschool PXL\Onderwijs\2018-2019\SignaalAnalyse\LAB_1\DSP_LiB.uvprojx
Project File Date:  03/08/2019

<h2>Output:</h2>
*** Using Compiler 'V5.06 update 6 (build 750)', folder: 'C:\Keil_v5\ARM\ARMCC\Bin'
Build target 'S6E2CC'
compiling loop_intr.c...
linking...
Program Size: Code=18976 RO-data=608 RW-data=164 ZI-data=3100  
".\obj\DSP_LiB.axf" - 0 Error(s), 0 Warning(s).

<h2>Software Packages used:</h2>

Package Vendor: ARM
                http://www.keil.com/pack/ARM.CMSIS.5.4.0.pack
                ARM.CMSIS.5.4.0
                CMSIS (Cortex Microcontroller Software Interface Standard)
   * Component: CORE Version: 5.1.2
   * Component: DSP Version: 1.5.2

Package Vendor: Keil
                http://www.keil.com/pack/Keil.FM4_DFP.1.4.0.pack
                Keil.FM4_DFP.1.4.0
                Spansion FM4 Series Device Support
   * Component: Startup Version: 1.0.0

<h2>Collection of Component include folders:</h2>
  .\RTE\Device\S6E2CCAJ0A
  .\RTE\_S6E2CC
  C:\Keil_v5\ARM\PACK\ARM\CMSIS\5.4.0\CMSIS\Core\Include
  C:\Keil_v5\ARM\PACK\ARM\CMSIS\5.4.0\CMSIS\DSP\Include
  C:\Keil_v5\ARM\PACK\Keil\FM4_DFP\1.4.0\Device\Include\S6E2CC

<h2>Collection of Component Files used:</h2>

   * Component: ARM::CMSIS:CORE:5.1.2

   * Component: ARM::CMSIS:DSP:1.5.2
      Library file:  CMSIS\Lib\ARM\arm_cortexM4lf_math.lib
      Include file:  CMSIS\DSP\Include\arm_math.h

   * Component: Keil::Device:Startup:1.0.0
      Include file:  Device\Source\S6E2CC\system_s6e2cc.h
      Source file:   Device\Source\S6E2CC\ARM\startup_s6e2cc.s
      Source file:   Device\Source\S6E2CC\system_s6e2cc.c
Build Time Elapsed:  00:00:12
</pre>
</body>
</html>
