<html>
<body>
<pre>
<h1>µVision Build Log</h1>
<h2>Tool Versions:</h2>
IDE-Version: µVision V5.26.2.0
Copyright (C) 2018 ARM Ltd and ARM Germany GmbH. All rights reserved.
License Information: Vincent Claes, Hogeschool PXL, LIC=----
 
Tool Versions:
Toolchain:       MDK-Lite  Version: 5.27.1.0
Toolchain Path:  C:\Keil_v5\ARM\ARMCC\Bin
C Compiler:      Armcc.exe V5.06 update 6 (build 750)
Assembler:       Armasm.exe V5.06 update 6 (build 750)
Linker/Locator:  ArmLink.exe V5.06 update 6 (build 750)
Library Manager: ArmAr.exe V5.06 update 6 (build 750)
Hex Converter:   FromElf.exe V5.06 update 6 (build 750)
CPU DLL:         SARMCM3.DLL V5.27.1.0
Dialog DLL:      DCM.DLL V1.17.2.0
Target DLL:      CMSIS_AGDI.dll V1.31.17.0
Dialog DLL:      TCM.DLL V1.36.1.0
 
<h2>Project:</h2>
D:\OneDrive - PXL\Hogeschool PXL\Onderwijs\2018-2019\SignaalAnalyse\Cypress_fm4_Uart_tx\Uart_tx.uvprojx
Project File Date:  05/14/2019

<h2>Output:</h2>
*** Using Compiler 'V5.06 update 6 (build 750)', folder: 'C:\Keil_v5\ARM\ARMCC\Bin'
Rebuild target 'S6E2CC'
compiling delay.c...
compiling audio.c...
compiling Uart_tx.c...
compiling gpio.c...
compiling i2c.c...
compiling i2s.c...
compiling dstc.c...
compiling mfs.c...
assembling startup_s6e2cc.s...
compiling pdl.c...
compiling mfs_hl.c...
compiling system_s6e2cc.c...
linking...
Program Size: Code=19076 RO-data=608 RW-data=164 ZI-data=3100  
FromELF: creating hex file...
".\obj\Uart_tx.axf" - 0 Error(s), 0 Warning(s).

<h2>Software Packages used:</h2>

Package Vendor: ARM
                http://www.keil.com/pack/ARM.CMSIS.5.5.1.pack
                ARM.CMSIS.5.5.1
                CMSIS (Cortex Microcontroller Software Interface Standard)
   * Component: CORE Version: 5.2.0
   * Component: DSP Variant: Library Version: 1.6.0

Package Vendor: Keil
                http://www.keil.com/pack/Keil.FM4_DFP.1.4.0.pack
                Keil.FM4_DFP.1.4.0
                Spansion FM4 Series Device Support
   * Component: Startup Version: 1.0.0

<h2>Collection of Component include folders:</h2>
  .\RTE\Device\S6E2CCAJ0A
  .\RTE\_S6E2CC
  C:\Keil_v5\ARM\PACK\ARM\CMSIS\5.5.1\CMSIS\Core\Include
  C:\Keil_v5\ARM\PACK\ARM\CMSIS\5.5.1\CMSIS\DSP\Include
  C:\Keil_v5\ARM\PACK\Keil\FM4_DFP\1.4.0\Device\Include\S6E2CC

<h2>Collection of Component Files used:</h2>

   * Component: ARM::CMSIS:CORE:5.2.0

   * Component: ARM::CMSIS:DSP:Library:1.6.0
      Include file:  CMSIS\DSP\Include\arm_math.h
      Library file:  CMSIS\DSP\Lib\ARM\arm_cortexM4lf_math.lib

   * Component: Keil::Device:Startup:1.0.0
      Source file:   Device\Source\S6E2CC\ARM\startup_s6e2cc.s
      Source file:   Device\Source\S6E2CC\system_s6e2cc.c
      Include file:  Device\Source\S6E2CC\system_s6e2cc.h
Build Time Elapsed:  00:03:07
</pre>
</body>
</html>
